2020-10-10 00:23:47,884 WARN com.zaxxer.hikari.pool.HikariPool$HouseKeeper [HikariPool-8 housekeeper] HikariPool-8 - Thread starvation or clock leap detected (housekeeper delta=22m35s814ms).
2020-10-10 00:23:52,416 INFO com.ec.application.ReusableClasses.ScheduledTasks [scheduling-1] Sending Stock Notification Email in evening
2020-10-10 00:23:53,169 INFO com.ec.application.service.StockService [scheduling-1] Fetching stock information
2020-10-10 00:23:54,043 INFO com.ec.application.service.StockService [scheduling-1] Sending email for stock information
2020-10-10 00:23:54,046 INFO com.ec.application.service.EmailService [scheduling-1] Getting email configuration from master
2020-10-10 00:23:54,047 INFO com.ec.application.service.EmailService [scheduling-1] Getting email configuration from master
2020-10-10 00:23:54,145 INFO com.ec.application.ReusableClasses.EmailHelper [scheduling-1] Creating mimemessage
2020-10-10 00:23:54,217 INFO freemarker.log._JULLoggerFactory$JULLogger [scheduling-1] Detected multiple classes with the same name, "com.ec.application.data.StockInformationExportDAO". Assuming it was a class-reloading. Clearing class introspection caches to release old data.
2020-10-10 00:24:05,783 INFO com.ec.application.ReusableClasses.EmailHelper [scheduling-1] Email Sent
2020-10-10 00:24:05,784 INFO com.ec.application.service.StockService [scheduling-1] saving stock information to DB
2020-10-10 00:24:06,844 INFO com.ec.application.ReusableClasses.ScheduledTasks [scheduling-1] Sending Stock Notification Email in evening
2020-10-10 00:24:07,045 INFO com.ec.application.service.EmailService [scheduling-1] Getting email configuration from master
2020-10-10 00:24:07,046 INFO com.ec.application.service.EmailService [scheduling-1] Getting email configuration from master
2020-10-10 00:24:07,051 INFO com.ec.application.ReusableClasses.EmailHelper [scheduling-1] Creating mimemessage
2020-10-10 00:24:07,063 INFO com.ec.application.ReusableClasses.EmailHelper [scheduling-1] Email trigerred for - To
2020-10-10 00:24:18,236 INFO com.ec.application.ReusableClasses.EmailHelper [scheduling-1] Email Sent
2020-10-10 01:26:04,996 WARN com.zaxxer.hikari.pool.HikariPool$HouseKeeper [HikariPool-8 housekeeper] HikariPool-8 - Thread starvation or clock leap detected (housekeeper delta=48m46s609ms).
2020-10-10 02:37:42,017 WARN com.zaxxer.hikari.pool.HikariPool$HouseKeeper [HikariPool-8 housekeeper] HikariPool-8 - Thread starvation or clock leap detected (housekeeper delta=1h11m37s29ms).
2020-10-10 02:52:46,413 WARN com.zaxxer.hikari.pool.HikariPool$HouseKeeper [HikariPool-8 housekeeper] HikariPool-8 - Thread starvation or clock leap detected (housekeeper delta=15m4s386ms).
2020-10-10 07:45:04,163 WARN com.zaxxer.hikari.pool.HikariPool$HouseKeeper [HikariPool-8 housekeeper] HikariPool-8 - Thread starvation or clock leap detected (housekeeper delta=4h52m17s736ms).
2020-10-10 10:45:20,256 WARN com.zaxxer.hikari.pool.HikariPool$HouseKeeper [HikariPool-8 housekeeper] HikariPool-8 - Thread starvation or clock leap detected (housekeeper delta=3h16s110ms).
2020-10-10 11:20:18,554 WARN com.zaxxer.hikari.pool.HikariPool$HouseKeeper [HikariPool-8 housekeeper] HikariPool-8 - Thread starvation or clock leap detected (housekeeper delta=34m58s305ms).
2020-10-10 11:55:20,161 WARN com.zaxxer.hikari.pool.HikariPool$HouseKeeper [HikariPool-8 housekeeper] HikariPool-8 - Thread starvation or clock leap detected (housekeeper delta=34m31s606ms).
2020-10-10 12:07:56,391 WARN com.zaxxer.hikari.pool.HikariPool$HouseKeeper [HikariPool-8 housekeeper] HikariPool-8 - Thread starvation or clock leap detected (housekeeper delta=6m36s191ms).
2020-10-10 12:36:32,129 WARN com.zaxxer.hikari.pool.HikariPool$HouseKeeper [HikariPool-8 housekeeper] HikariPool-8 - Thread starvation or clock leap detected (housekeeper delta=28m35s738ms).
2020-10-10 12:42:21,030 INFO org.springframework.boot.admin.SpringApplicationAdminMXBeanRegistrar$SpringApplicationAdmin [RMI TCP Connection(1417)-127.0.0.1] Application shutdown requested.
2020-10-10 12:42:21,176 INFO org.springframework.scheduling.concurrent.ExecutorConfigurationSupport [RMI TCP Connection(1417)-127.0.0.1] Shutting down ExecutorService 'taskScheduler'
2020-10-10 12:42:21,196 INFO org.springframework.scheduling.concurrent.ExecutorConfigurationSupport [RMI TCP Connection(1417)-127.0.0.1] Shutting down ExecutorService 'applicationTaskExecutor'
2020-10-10 12:42:21,223 INFO org.springframework.orm.jpa.AbstractEntityManagerFactoryBean [RMI TCP Connection(1417)-127.0.0.1] Closing JPA EntityManagerFactory for persistence unit 'default'
2020-10-10 12:42:21,304 INFO com.zaxxer.hikari.HikariDataSource [RMI TCP Connection(1417)-127.0.0.1] HikariPool-8 - Shutdown initiated...
2020-10-10 12:42:21,347 INFO com.zaxxer.hikari.HikariDataSource [RMI TCP Connection(1417)-127.0.0.1] HikariPool-8 - Shutdown completed.
