2020-10-06 01:04:11,549 INFO org.springframework.boot.admin.SpringApplicationAdminMXBeanRegistrar$SpringApplicationAdmin [RMI TCP Connection(106)-127.0.0.1] Application shutdown requested.
2020-10-06 01:04:11,766 INFO org.springframework.scheduling.concurrent.ExecutorConfigurationSupport [RMI TCP Connection(106)-127.0.0.1] Shutting down ExecutorService 'taskScheduler'
2020-10-06 01:04:11,771 INFO org.springframework.scheduling.concurrent.ExecutorConfigurationSupport [RMI TCP Connection(106)-127.0.0.1] Shutting down ExecutorService 'applicationTaskExecutor'
2020-10-06 01:04:11,788 INFO org.springframework.orm.jpa.AbstractEntityManagerFactoryBean [RMI TCP Connection(106)-127.0.0.1] Closing JPA EntityManagerFactory for persistence unit 'default'
2020-10-06 01:04:11,830 INFO com.zaxxer.hikari.HikariDataSource [RMI TCP Connection(106)-127.0.0.1] HikariPool-1 - Shutdown initiated...
2020-10-06 01:04:11,849 INFO com.zaxxer.hikari.HikariDataSource [RMI TCP Connection(106)-127.0.0.1] HikariPool-1 - Shutdown completed.
2020-10-06 09:56:02,395 WARN org.springframework.boot.StartupInfoLogger [restartedMain] InetAddress.getLocalHost().getHostName() took 5003 milliseconds to respond. Please verify your network configuration (macOS machines may need to add entries to /etc/hosts).
2020-10-06 09:56:07,405 INFO org.springframework.boot.StartupInfoLogger [restartedMain] Starting EcApplication on Sridhars-MacBook-Air.local with PID 9057 (/Users/bsridharpatnaik/Documents/GitHub/Evergreen-City-Management-System/ec-inventory-service/target/classes started by bsridharpatnaik in /Users/bsridharpatnaik/Documents/GitHub/Evergreen-City-Management-System/ec-inventory-service)
2020-10-06 09:56:07,407 DEBUG org.springframework.boot.StartupInfoLogger [restartedMain] Running with Spring Boot v2.2.2.RELEASE, Spring v5.2.2.RELEASE
2020-10-06 09:56:07,408 INFO org.springframework.boot.SpringApplication [restartedMain] No active profile set, falling back to default profiles: default
2020-10-06 09:56:07,507 INFO org.springframework.boot.logging.DeferredLog [restartedMain] The Class-Path manifest attribute in /Users/bsridharpatnaik/.m2/repository/javax/mail/mail/1.4/mail-1.4.jar referenced one or more files that do not exist: file:/Users/bsridharpatnaik/.m2/repository/javax/mail/mail/1.4/activation.jar
2020-10-06 09:56:07,507 INFO org.springframework.boot.logging.DeferredLog [restartedMain] The Class-Path manifest attribute in /Users/bsridharpatnaik/.m2/repository/com/sun/xml/bind/jaxb-impl/2.3.2/jaxb-impl-2.3.2.jar referenced one or more files that do not exist: file:/Users/bsridharpatnaik/.m2/repository/com/sun/xml/bind/jaxb-impl/2.3.2/jaxb-runtime-2.3.2.jar,file:/Users/bsridharpatnaik/.m2/repository/com/sun/xml/bind/jaxb-impl/2.3.2/txw2-2.3.2.jar,file:/Users/bsridharpatnaik/.m2/repository/com/sun/xml/bind/jaxb-impl/2.3.2/istack-commons-runtime-3.0.8.jar,file:/Users/bsridharpatnaik/.m2/repository/com/sun/xml/bind/jaxb-impl/2.3.2/stax-ex-1.8.1.jar,file:/Users/bsridharpatnaik/.m2/repository/com/sun/xml/bind/jaxb-impl/2.3.2/FastInfoset-1.2.16.jar,file:/Users/bsridharpatnaik/.m2/repository/com/sun/xml/bind/jaxb-impl/2.3.2/jakarta.activation-api-1.2.1.jar
2020-10-06 09:56:07,508 INFO org.springframework.boot.logging.DeferredLog [restartedMain] The Class-Path manifest attribute in /Users/bsridharpatnaik/.m2/repository/org/glassfish/jaxb/jaxb-runtime/2.3.2/jaxb-runtime-2.3.2.jar referenced one or more files that do not exist: file:/Users/bsridharpatnaik/.m2/repository/org/glassfish/jaxb/jaxb-runtime/2.3.2/jakarta.xml.bind-api-2.3.2.jar,file:/Users/bsridharpatnaik/.m2/repository/org/glassfish/jaxb/jaxb-runtime/2.3.2/txw2-2.3.2.jar,file:/Users/bsridharpatnaik/.m2/repository/org/glassfish/jaxb/jaxb-runtime/2.3.2/istack-commons-runtime-3.0.8.jar,file:/Users/bsridharpatnaik/.m2/repository/org/glassfish/jaxb/jaxb-runtime/2.3.2/stax-ex-1.8.1.jar,file:/Users/bsridharpatnaik/.m2/repository/org/glassfish/jaxb/jaxb-runtime/2.3.2/FastInfoset-1.2.16.jar,file:/Users/bsridharpatnaik/.m2/repository/org/glassfish/jaxb/jaxb-runtime/2.3.2/jakarta.activation-api-1.2.1.jar
2020-10-06 09:56:07,509 INFO org.springframework.boot.logging.DeferredLog [restartedMain] Devtools property defaults active! Set 'spring.devtools.add-properties' to 'false' to disable
2020-10-06 09:56:07,510 INFO org.springframework.boot.logging.DeferredLog [restartedMain] For additional web related logging consider setting the 'logging.level.web' property to 'DEBUG'
2020-10-06 09:56:09,746 INFO org.springframework.data.repository.config.RepositoryConfigurationDelegate [restartedMain] Bootstrapping Spring Data JPA repositories in DEFAULT mode.
2020-10-06 09:56:10,163 INFO org.springframework.data.repository.config.RepositoryConfigurationDelegate [restartedMain] Finished Spring Data repository scanning in 378ms. Found 20 JPA repository interfaces.
2020-10-06 09:56:11,267 INFO org.springframework.context.support.PostProcessorRegistrationDelegate$BeanPostProcessorChecker [restartedMain] Bean 'org.springframework.ws.config.annotation.DelegatingWsConfiguration' of type [org.springframework.ws.config.annotation.DelegatingWsConfiguration$$EnhancerBySpringCGLIB$$2e067fc4] is not eligible for getting processed by all BeanPostProcessors (for example: not eligible for auto-proxying)
2020-10-06 09:56:11,353 INFO org.springframework.ws.soap.addressing.server.AbstractAddressingEndpointMapping [restartedMain] Supporting [WS-Addressing August 2004, WS-Addressing 1.0]
2020-10-06 09:56:11,398 INFO org.springframework.context.support.PostProcessorRegistrationDelegate$BeanPostProcessorChecker [restartedMain] Bean 'org.springframework.transaction.annotation.ProxyTransactionManagementConfiguration' of type [org.springframework.transaction.annotation.ProxyTransactionManagementConfiguration] is not eligible for getting processed by all BeanPostProcessors (for example: not eligible for auto-proxying)
2020-10-06 09:58:34,506 WARN org.springframework.boot.StartupInfoLogger [restartedMain] InetAddress.getLocalHost().getHostName() took 5003 milliseconds to respond. Please verify your network configuration (macOS machines may need to add entries to /etc/hosts).
2020-10-06 09:58:39,516 INFO org.springframework.boot.StartupInfoLogger [restartedMain] Starting EcApplication on Sridhars-MacBook-Air.local with PID 9082 (/Users/bsridharpatnaik/Documents/GitHub/Evergreen-City-Management-System/ec-inventory-service/target/classes started by bsridharpatnaik in /Users/bsridharpatnaik/Documents/GitHub/Evergreen-City-Management-System/ec-inventory-service)
2020-10-06 09:58:39,518 DEBUG org.springframework.boot.StartupInfoLogger [restartedMain] Running with Spring Boot v2.2.2.RELEASE, Spring v5.2.2.RELEASE
2020-10-06 09:58:39,519 INFO org.springframework.boot.SpringApplication [restartedMain] No active profile set, falling back to default profiles: default
2020-10-06 09:58:39,568 INFO org.springframework.boot.logging.DeferredLog [restartedMain] The Class-Path manifest attribute in /Users/bsridharpatnaik/.m2/repository/javax/mail/mail/1.4/mail-1.4.jar referenced one or more files that do not exist: file:/Users/bsridharpatnaik/.m2/repository/javax/mail/mail/1.4/activation.jar
2020-10-06 09:58:39,568 INFO org.springframework.boot.logging.DeferredLog [restartedMain] The Class-Path manifest attribute in /Users/bsridharpatnaik/.m2/repository/com/sun/xml/bind/jaxb-impl/2.3.2/jaxb-impl-2.3.2.jar referenced one or more files that do not exist: file:/Users/bsridharpatnaik/.m2/repository/com/sun/xml/bind/jaxb-impl/2.3.2/jaxb-runtime-2.3.2.jar,file:/Users/bsridharpatnaik/.m2/repository/com/sun/xml/bind/jaxb-impl/2.3.2/txw2-2.3.2.jar,file:/Users/bsridharpatnaik/.m2/repository/com/sun/xml/bind/jaxb-impl/2.3.2/istack-commons-runtime-3.0.8.jar,file:/Users/bsridharpatnaik/.m2/repository/com/sun/xml/bind/jaxb-impl/2.3.2/stax-ex-1.8.1.jar,file:/Users/bsridharpatnaik/.m2/repository/com/sun/xml/bind/jaxb-impl/2.3.2/FastInfoset-1.2.16.jar,file:/Users/bsridharpatnaik/.m2/repository/com/sun/xml/bind/jaxb-impl/2.3.2/jakarta.activation-api-1.2.1.jar
2020-10-06 09:58:39,568 INFO org.springframework.boot.logging.DeferredLog [restartedMain] The Class-Path manifest attribute in /Users/bsridharpatnaik/.m2/repository/org/glassfish/jaxb/jaxb-runtime/2.3.2/jaxb-runtime-2.3.2.jar referenced one or more files that do not exist: file:/Users/bsridharpatnaik/.m2/repository/org/glassfish/jaxb/jaxb-runtime/2.3.2/jakarta.xml.bind-api-2.3.2.jar,file:/Users/bsridharpatnaik/.m2/repository/org/glassfish/jaxb/jaxb-runtime/2.3.2/txw2-2.3.2.jar,file:/Users/bsridharpatnaik/.m2/repository/org/glassfish/jaxb/jaxb-runtime/2.3.2/istack-commons-runtime-3.0.8.jar,file:/Users/bsridharpatnaik/.m2/repository/org/glassfish/jaxb/jaxb-runtime/2.3.2/stax-ex-1.8.1.jar,file:/Users/bsridharpatnaik/.m2/repository/org/glassfish/jaxb/jaxb-runtime/2.3.2/FastInfoset-1.2.16.jar,file:/Users/bsridharpatnaik/.m2/repository/org/glassfish/jaxb/jaxb-runtime/2.3.2/jakarta.activation-api-1.2.1.jar
2020-10-06 09:58:39,569 INFO org.springframework.boot.logging.DeferredLog [restartedMain] Devtools property defaults active! Set 'spring.devtools.add-properties' to 'false' to disable
2020-10-06 09:58:39,569 INFO org.springframework.boot.logging.DeferredLog [restartedMain] For additional web related logging consider setting the 'logging.level.web' property to 'DEBUG'
2020-10-06 09:58:41,068 INFO org.springframework.data.repository.config.RepositoryConfigurationDelegate [restartedMain] Bootstrapping Spring Data JPA repositories in DEFAULT mode.
2020-10-06 09:58:41,295 INFO org.springframework.data.repository.config.RepositoryConfigurationDelegate [restartedMain] Finished Spring Data repository scanning in 216ms. Found 20 JPA repository interfaces.
2020-10-06 09:58:41,689 INFO org.springframework.context.support.PostProcessorRegistrationDelegate$BeanPostProcessorChecker [restartedMain] Bean 'org.springframework.ws.config.annotation.DelegatingWsConfiguration' of type [org.springframework.ws.config.annotation.DelegatingWsConfiguration$$EnhancerBySpringCGLIB$$893a30a2] is not eligible for getting processed by all BeanPostProcessors (for example: not eligible for auto-proxying)
2020-10-06 09:58:41,718 INFO org.springframework.ws.soap.addressing.server.AbstractAddressingEndpointMapping [restartedMain] Supporting [WS-Addressing August 2004, WS-Addressing 1.0]
2020-10-06 09:58:41,736 INFO org.springframework.context.support.PostProcessorRegistrationDelegate$BeanPostProcessorChecker [restartedMain] Bean 'org.springframework.transaction.annotation.ProxyTransactionManagementConfiguration' of type [org.springframework.transaction.annotation.ProxyTransactionManagementConfiguration] is not eligible for getting processed by all BeanPostProcessors (for example: not eligible for auto-proxying)
2020-10-06 09:58:42,118 INFO org.springframework.boot.web.embedded.tomcat.TomcatWebServer [restartedMain] Tomcat initialized with port(s): 8081 (http)
2020-10-06 09:58:42,142 INFO org.apache.juli.logging.DirectJDKLog [restartedMain] Initializing ProtocolHandler ["http-nio-8081"]
2020-10-06 09:58:42,144 INFO org.apache.juli.logging.DirectJDKLog [restartedMain] Starting service [Tomcat]
2020-10-06 09:58:42,144 INFO org.apache.juli.logging.DirectJDKLog [restartedMain] Starting Servlet engine: [Apache Tomcat/9.0.29]
2020-10-06 09:58:42,286 INFO org.apache.juli.logging.DirectJDKLog [restartedMain] Initializing Spring embedded WebApplicationContext
2020-10-06 09:58:42,287 INFO org.springframework.boot.web.servlet.context.ServletWebServerApplicationContext [restartedMain] Root WebApplicationContext: initialization completed in 2717 ms
2020-10-06 09:58:42,727 DEBUG org.springframework.web.filter.GenericFilterBean [restartedMain] Filter 'requestLoggingFilter' configured for use
2020-10-06 09:58:42,727 DEBUG org.springframework.web.filter.GenericFilterBean [restartedMain] Filter 'logFilter' configured for use
2020-10-06 09:58:43,026 INFO org.hibernate.jpa.internal.util.LogHelper [restartedMain] HHH000204: Processing PersistenceUnitInfo [name: default]
2020-10-06 09:58:43,300 INFO org.hibernate.Version [restartedMain] HHH000412: Hibernate Core {5.4.9.Final}
2020-10-06 09:58:43,758 INFO org.hibernate.annotations.common.reflection.java.JavaReflectionManager [restartedMain] HCANN000001: Hibernate Commons Annotations {5.1.0.Final}
2020-10-06 09:58:44,031 INFO com.zaxxer.hikari.HikariDataSource [restartedMain] HikariPool-1 - Starting...
2020-10-06 09:58:44,034 WARN com.zaxxer.hikari.util.DriverDataSource [restartedMain] Registered driver with driverClassName=com.mysql.jdbc.Driver was not found, trying direct instantiation.
2020-10-06 09:58:44,593 INFO com.zaxxer.hikari.HikariDataSource [restartedMain] HikariPool-1 - Start completed.
2020-10-06 09:58:44,630 INFO org.hibernate.dialect.Dialect [restartedMain] HHH000400: Using dialect: org.hibernate.dialect.MySQL5InnoDBDialect
2020-10-06 09:58:44,759 INFO org.hibernate.envers.boot.internal.EnversServiceImpl [restartedMain] Envers integration enabled? : true
2020-10-06 09:58:45,120 WARN org.hibernate.cfg.AnnotationBinder [restartedMain] HHH000491: The [warehouse] association in the [com.ec.application.model.LostDamagedInventory] entity uses both @NotFound(action = NotFoundAction.IGNORE) and FetchType.LAZY. The NotFoundAction.IGNORE @ManyToOne and @OneToOne associations are always fetched eagerly.
2020-10-06 09:58:45,137 WARN org.hibernate.cfg.AnnotationBinder [restartedMain] HHH000491: The [category] association in the [com.ec.application.model.Product] entity uses both @NotFound(action = NotFoundAction.IGNORE) and FetchType.LAZY. The NotFoundAction.IGNORE @ManyToOne and @OneToOne associations are always fetched eagerly.
2020-10-06 09:58:45,143 WARN org.hibernate.cfg.AnnotationBinder [restartedMain] HHH000491: The [product] association in the [com.ec.application.model.Stock] entity uses both @NotFound(action = NotFoundAction.IGNORE) and FetchType.LAZY. The NotFoundAction.IGNORE @ManyToOne and @OneToOne associations are always fetched eagerly.
2020-10-06 09:58:45,144 WARN org.hibernate.cfg.AnnotationBinder [restartedMain] HHH000491: The [warehouse] association in the [com.ec.application.model.Stock] entity uses both @NotFound(action = NotFoundAction.IGNORE) and FetchType.LAZY. The NotFoundAction.IGNORE @ManyToOne and @OneToOne associations are always fetched eagerly.
2020-10-06 09:58:55,975 INFO org.hibernate.engine.transaction.jta.platform.internal.JtaPlatformInitiator [restartedMain] HHH000490: Using JtaPlatform implementation: [org.hibernate.engine.transaction.jta.platform.internal.NoJtaPlatform]
2020-10-06 09:58:55,994 INFO org.springframework.orm.jpa.AbstractEntityManagerFactoryBean [restartedMain] Initialized JPA EntityManagerFactory for persistence unit 'default'
2020-10-06 09:58:56,057 INFO org.springframework.boot.devtools.autoconfigure.OptionalLiveReloadServer [restartedMain] LiveReload server is running on port 35729
2020-10-06 09:58:58,636 WARN org.springframework.boot.autoconfigure.orm.jpa.JpaBaseConfiguration$JpaWebConfiguration [restartedMain] spring.jpa.open-in-view is enabled by default. Therefore, database queries may be performed during view rendering. Explicitly configure spring.jpa.open-in-view to disable this warning
2020-10-06 09:58:58,795 INFO org.springframework.scheduling.concurrent.ExecutorConfigurationSupport [restartedMain] Initializing ExecutorService 'applicationTaskExecutor'
2020-10-06 09:58:59,216 INFO org.springframework.scheduling.concurrent.ExecutorConfigurationSupport [restartedMain] Initializing ExecutorService 'taskScheduler'
2020-10-06 09:58:59,649 INFO org.apache.juli.logging.DirectJDKLog [restartedMain] Starting ProtocolHandler ["http-nio-8081"]
2020-10-06 09:58:59,685 INFO org.springframework.boot.web.embedded.tomcat.TomcatWebServer [restartedMain] Tomcat started on port(s): 8081 (http) with context path ''
2020-10-06 09:58:59,690 INFO org.springframework.boot.StartupInfoLogger [restartedMain] Started EcApplication in 40.666 seconds (JVM running for 46.578)
2020-10-06 10:04:25,679 INFO org.apache.juli.logging.DirectJDKLog [http-nio-8081-exec-1] Initializing Spring DispatcherServlet 'dispatcherServlet'
2020-10-06 10:04:25,683 INFO org.springframework.web.servlet.FrameworkServlet [http-nio-8081-exec-1] Initializing Servlet 'dispatcherServlet'
2020-10-06 10:04:25,716 INFO org.springframework.web.servlet.FrameworkServlet [http-nio-8081-exec-1] Completed initialization in 32 ms
2020-10-06 10:04:25,772 DEBUG org.springframework.web.filter.CommonsRequestLoggingFilter [http-nio-8081-exec-1] Before request [GET /dashboard]
2020-10-06 10:04:25,773 DEBUG org.springframework.web.filter.CommonsRequestLoggingFilter [http-nio-8081-exec-1] Before request [GET /dashboard, client=127.0.0.1]
2020-10-06 10:04:30,807 DEBUG org.springframework.web.filter.CommonsRequestLoggingFilter [http-nio-8081-exec-1] After request [GET /dashboard, client=127.0.0.1]
2020-10-06 10:04:30,809 DEBUG org.springframework.web.filter.CommonsRequestLoggingFilter [http-nio-8081-exec-1] REQUEST DATA : GET /dashboard]
2020-10-06 11:18:12,541 WARN com.zaxxer.hikari.pool.HikariPool$HouseKeeper [HikariPool-1 housekeeper] HikariPool-1 - Thread starvation or clock leap detected (housekeeper delta=27m57s488ms).
2020-10-06 11:32:56,592 WARN com.zaxxer.hikari.pool.HikariPool$HouseKeeper [HikariPool-1 housekeeper] HikariPool-1 - Thread starvation or clock leap detected (housekeeper delta=14m44s102ms).
2020-10-06 12:09:38,171 WARN com.zaxxer.hikari.pool.HikariPool$HouseKeeper [HikariPool-1 housekeeper] HikariPool-1 - Thread starvation or clock leap detected (housekeeper delta=36m41s577ms).
2020-10-06 13:13:54,533 WARN com.zaxxer.hikari.pool.HikariPool$HouseKeeper [HikariPool-1 housekeeper] HikariPool-1 - Thread starvation or clock leap detected (housekeeper delta=41m16s214ms).
2020-10-06 14:14:02,608 WARN com.zaxxer.hikari.pool.HikariPool$HouseKeeper [HikariPool-1 housekeeper] HikariPool-1 - Thread starvation or clock leap detected (housekeeper delta=47m7s993ms).
2020-10-06 14:40:40,041 WARN com.zaxxer.hikari.pool.HikariPool$HouseKeeper [HikariPool-1 housekeeper] HikariPool-1 - Thread starvation or clock leap detected (housekeeper delta=20m37s380ms).
2020-10-06 15:58:21,674 WARN com.zaxxer.hikari.pool.HikariPool$HouseKeeper [HikariPool-1 housekeeper] HikariPool-1 - Thread starvation or clock leap detected (housekeeper delta=43m41s443ms).
2020-10-06 17:45:03,930 WARN com.zaxxer.hikari.pool.HikariPool$HouseKeeper [HikariPool-1 housekeeper] HikariPool-1 - Thread starvation or clock leap detected (housekeeper delta=1h12m12s62ms).
2020-10-06 18:21:10,535 WARN com.zaxxer.hikari.pool.HikariPool$HouseKeeper [HikariPool-1 housekeeper] HikariPool-1 - Thread starvation or clock leap detected (housekeeper delta=10m6s411ms).
2020-10-06 18:40:35,097 INFO org.springframework.boot.admin.SpringApplicationAdminMXBeanRegistrar$SpringApplicationAdmin [RMI TCP Connection(224)-127.0.0.1] Application shutdown requested.
2020-10-06 18:40:35,337 INFO org.springframework.boot.admin.SpringApplicationAdminMXBeanRegistrar$SpringApplicationAdmin [RMI TCP Connection(225)-127.0.0.1] Application shutdown requested.
2020-10-06 18:40:35,478 INFO org.springframework.scheduling.concurrent.ExecutorConfigurationSupport [RMI TCP Connection(224)-127.0.0.1] Shutting down ExecutorService 'taskScheduler'
2020-10-06 18:40:35,487 INFO org.springframework.scheduling.concurrent.ExecutorConfigurationSupport [RMI TCP Connection(224)-127.0.0.1] Shutting down ExecutorService 'applicationTaskExecutor'
2020-10-06 18:40:35,509 INFO org.springframework.orm.jpa.AbstractEntityManagerFactoryBean [RMI TCP Connection(224)-127.0.0.1] Closing JPA EntityManagerFactory for persistence unit 'default'
2020-10-06 18:40:35,635 INFO com.zaxxer.hikari.HikariDataSource [RMI TCP Connection(224)-127.0.0.1] HikariPool-1 - Shutdown initiated...
2020-10-06 18:40:35,651 INFO com.zaxxer.hikari.HikariDataSource [RMI TCP Connection(224)-127.0.0.1] HikariPool-1 - Shutdown completed.
