2020-10-04 10:38:27,820 WARN org.springframework.boot.StartupInfoLogger [restartedMain] InetAddress.getLocalHost().getHostName() took 5002 milliseconds to respond. Please verify your network configuration (macOS machines may need to add entries to /etc/hosts).
2020-10-04 10:38:32,834 INFO org.springframework.boot.StartupInfoLogger [restartedMain] Starting EcApplication on Sridhars-MacBook-Air.local with PID 57674 (/Users/bsridharpatnaik/Documents/GitHub/Evergreen-City-Management-System/ec-inventory-service/target/classes started by bsridharpatnaik in /Users/bsridharpatnaik/Documents/GitHub/Evergreen-City-Management-System/ec-inventory-service)
2020-10-04 10:38:32,835 DEBUG org.springframework.boot.StartupInfoLogger [restartedMain] Running with Spring Boot v2.2.2.RELEASE, Spring v5.2.2.RELEASE
2020-10-04 10:38:32,836 INFO org.springframework.boot.SpringApplication [restartedMain] No active profile set, falling back to default profiles: default
2020-10-04 10:38:32,976 INFO org.springframework.boot.logging.DeferredLog [restartedMain] The Class-Path manifest attribute in /Users/bsridharpatnaik/.m2/repository/javax/mail/mail/1.4/mail-1.4.jar referenced one or more files that do not exist: file:/Users/bsridharpatnaik/.m2/repository/javax/mail/mail/1.4/activation.jar
2020-10-04 10:38:32,977 INFO org.springframework.boot.logging.DeferredLog [restartedMain] The Class-Path manifest attribute in /Users/bsridharpatnaik/.m2/repository/com/sun/xml/bind/jaxb-impl/2.3.2/jaxb-impl-2.3.2.jar referenced one or more files that do not exist: file:/Users/bsridharpatnaik/.m2/repository/com/sun/xml/bind/jaxb-impl/2.3.2/jaxb-runtime-2.3.2.jar,file:/Users/bsridharpatnaik/.m2/repository/com/sun/xml/bind/jaxb-impl/2.3.2/txw2-2.3.2.jar,file:/Users/bsridharpatnaik/.m2/repository/com/sun/xml/bind/jaxb-impl/2.3.2/istack-commons-runtime-3.0.8.jar,file:/Users/bsridharpatnaik/.m2/repository/com/sun/xml/bind/jaxb-impl/2.3.2/stax-ex-1.8.1.jar,file:/Users/bsridharpatnaik/.m2/repository/com/sun/xml/bind/jaxb-impl/2.3.2/FastInfoset-1.2.16.jar,file:/Users/bsridharpatnaik/.m2/repository/com/sun/xml/bind/jaxb-impl/2.3.2/jakarta.activation-api-1.2.1.jar
2020-10-04 10:38:32,977 INFO org.springframework.boot.logging.DeferredLog [restartedMain] The Class-Path manifest attribute in /Users/bsridharpatnaik/.m2/repository/org/glassfish/jaxb/jaxb-runtime/2.3.2/jaxb-runtime-2.3.2.jar referenced one or more files that do not exist: file:/Users/bsridharpatnaik/.m2/repository/org/glassfish/jaxb/jaxb-runtime/2.3.2/jakarta.xml.bind-api-2.3.2.jar,file:/Users/bsridharpatnaik/.m2/repository/org/glassfish/jaxb/jaxb-runtime/2.3.2/txw2-2.3.2.jar,file:/Users/bsridharpatnaik/.m2/repository/org/glassfish/jaxb/jaxb-runtime/2.3.2/istack-commons-runtime-3.0.8.jar,file:/Users/bsridharpatnaik/.m2/repository/org/glassfish/jaxb/jaxb-runtime/2.3.2/stax-ex-1.8.1.jar,file:/Users/bsridharpatnaik/.m2/repository/org/glassfish/jaxb/jaxb-runtime/2.3.2/FastInfoset-1.2.16.jar,file:/Users/bsridharpatnaik/.m2/repository/org/glassfish/jaxb/jaxb-runtime/2.3.2/jakarta.activation-api-1.2.1.jar
2020-10-04 10:38:32,979 INFO org.springframework.boot.logging.DeferredLog [restartedMain] Devtools property defaults active! Set 'spring.devtools.add-properties' to 'false' to disable
2020-10-04 10:38:32,981 INFO org.springframework.boot.logging.DeferredLog [restartedMain] For additional web related logging consider setting the 'logging.level.web' property to 'DEBUG'
2020-10-04 10:38:36,727 INFO org.springframework.data.repository.config.RepositoryConfigurationDelegate [restartedMain] Bootstrapping Spring Data JPA repositories in DEFAULT mode.
2020-10-04 10:38:37,926 INFO org.springframework.data.repository.config.RepositoryConfigurationDelegate [restartedMain] Finished Spring Data repository scanning in 1162ms. Found 20 JPA repository interfaces.
2020-10-04 10:38:38,992 INFO org.springframework.context.support.PostProcessorRegistrationDelegate$BeanPostProcessorChecker [restartedMain] Bean 'org.springframework.ws.config.annotation.DelegatingWsConfiguration' of type [org.springframework.ws.config.annotation.DelegatingWsConfiguration$$EnhancerBySpringCGLIB$$3ef93a1f] is not eligible for getting processed by all BeanPostProcessors (for example: not eligible for auto-proxying)
2020-10-04 10:38:39,073 INFO org.springframework.ws.soap.addressing.server.AbstractAddressingEndpointMapping [restartedMain] Supporting [WS-Addressing August 2004, WS-Addressing 1.0]
2020-10-04 10:38:39,102 INFO org.springframework.context.support.PostProcessorRegistrationDelegate$BeanPostProcessorChecker [restartedMain] Bean 'org.springframework.transaction.annotation.ProxyTransactionManagementConfiguration' of type [org.springframework.transaction.annotation.ProxyTransactionManagementConfiguration] is not eligible for getting processed by all BeanPostProcessors (for example: not eligible for auto-proxying)
2020-10-04 10:38:39,888 INFO org.springframework.boot.web.embedded.tomcat.TomcatWebServer [restartedMain] Tomcat initialized with port(s): 8081 (http)
2020-10-04 10:38:39,921 INFO org.apache.juli.logging.DirectJDKLog [restartedMain] Initializing ProtocolHandler ["http-nio-8081"]
2020-10-04 10:38:39,923 INFO org.apache.juli.logging.DirectJDKLog [restartedMain] Starting service [Tomcat]
2020-10-04 10:38:39,924 INFO org.apache.juli.logging.DirectJDKLog [restartedMain] Starting Servlet engine: [Apache Tomcat/9.0.29]
2020-10-04 10:38:40,287 INFO org.apache.juli.logging.DirectJDKLog [restartedMain] Initializing Spring embedded WebApplicationContext
2020-10-04 10:38:40,289 INFO org.springframework.boot.web.servlet.context.ServletWebServerApplicationContext [restartedMain] Root WebApplicationContext: initialization completed in 7306 ms
2020-10-04 10:38:41,207 DEBUG org.springframework.web.filter.GenericFilterBean [restartedMain] Filter 'requestLoggingFilter' configured for use
2020-10-04 10:38:41,208 DEBUG org.springframework.web.filter.GenericFilterBean [restartedMain] Filter 'logFilter' configured for use
2020-10-04 10:38:41,569 INFO org.hibernate.jpa.internal.util.LogHelper [restartedMain] HHH000204: Processing PersistenceUnitInfo [name: default]
2020-10-04 10:38:41,987 INFO org.hibernate.Version [restartedMain] HHH000412: Hibernate Core {5.4.9.Final}
2020-10-04 10:38:42,794 INFO org.hibernate.annotations.common.reflection.java.JavaReflectionManager [restartedMain] HCANN000001: Hibernate Commons Annotations {5.1.0.Final}
2020-10-04 10:38:42,985 WARN org.springframework.boot.StartupInfoLogger [restartedMain] InetAddress.getLocalHost().getHostName() took 5005 milliseconds to respond. Please verify your network configuration (macOS machines may need to add entries to /etc/hosts).
2020-10-04 10:38:43,328 INFO com.zaxxer.hikari.HikariDataSource [restartedMain] HikariPool-1 - Starting...
2020-10-04 10:38:43,331 WARN com.zaxxer.hikari.util.DriverDataSource [restartedMain] Registered driver with driverClassName=com.mysql.jdbc.Driver was not found, trying direct instantiation.
2020-10-04 10:38:44,512 INFO com.zaxxer.hikari.HikariDataSource [restartedMain] HikariPool-1 - Start completed.
2020-10-04 10:38:44,566 INFO org.hibernate.dialect.Dialect [restartedMain] HHH000400: Using dialect: org.hibernate.dialect.MySQL5InnoDBDialect
2020-10-04 10:38:45,224 INFO org.hibernate.envers.boot.internal.EnversServiceImpl [restartedMain] Envers integration enabled? : true
2020-10-04 10:38:45,948 WARN org.hibernate.cfg.AnnotationBinder [restartedMain] HHH000491: The [warehouse] association in the [com.ec.application.model.LostDamagedInventory] entity uses both @NotFound(action = NotFoundAction.IGNORE) and FetchType.LAZY. The NotFoundAction.IGNORE @ManyToOne and @OneToOne associations are always fetched eagerly.
2020-10-04 10:38:45,983 WARN org.hibernate.cfg.AnnotationBinder [restartedMain] HHH000491: The [category] association in the [com.ec.application.model.Product] entity uses both @NotFound(action = NotFoundAction.IGNORE) and FetchType.LAZY. The NotFoundAction.IGNORE @ManyToOne and @OneToOne associations are always fetched eagerly.
2020-10-04 10:38:45,993 WARN org.hibernate.cfg.AnnotationBinder [restartedMain] HHH000491: The [product] association in the [com.ec.application.model.Stock] entity uses both @NotFound(action = NotFoundAction.IGNORE) and FetchType.LAZY. The NotFoundAction.IGNORE @ManyToOne and @OneToOne associations are always fetched eagerly.
2020-10-04 10:38:45,995 WARN org.hibernate.cfg.AnnotationBinder [restartedMain] HHH000491: The [warehouse] association in the [com.ec.application.model.Stock] entity uses both @NotFound(action = NotFoundAction.IGNORE) and FetchType.LAZY. The NotFoundAction.IGNORE @ManyToOne and @OneToOne associations are always fetched eagerly.
2020-10-04 10:38:47,997 INFO org.springframework.boot.StartupInfoLogger [restartedMain] Starting EcApplication on Sridhars-MacBook-Air.local with PID 57698 (/Users/bsridharpatnaik/Documents/GitHub/Evergreen-City-Management-System/ec-inventory-service/target/classes started by bsridharpatnaik in /Users/bsridharpatnaik/Documents/GitHub/Evergreen-City-Management-System/ec-inventory-service)
2020-10-04 10:38:47,998 DEBUG org.springframework.boot.StartupInfoLogger [restartedMain] Running with Spring Boot v2.2.2.RELEASE, Spring v5.2.2.RELEASE
2020-10-04 10:38:47,999 INFO org.springframework.boot.SpringApplication [restartedMain] No active profile set, falling back to default profiles: default
2020-10-04 10:38:48,152 INFO org.springframework.boot.logging.DeferredLog [restartedMain] The Class-Path manifest attribute in /Users/bsridharpatnaik/.m2/repository/javax/mail/mail/1.4/mail-1.4.jar referenced one or more files that do not exist: file:/Users/bsridharpatnaik/.m2/repository/javax/mail/mail/1.4/activation.jar
2020-10-04 10:38:48,154 INFO org.springframework.boot.logging.DeferredLog [restartedMain] The Class-Path manifest attribute in /Users/bsridharpatnaik/.m2/repository/com/sun/xml/bind/jaxb-impl/2.3.2/jaxb-impl-2.3.2.jar referenced one or more files that do not exist: file:/Users/bsridharpatnaik/.m2/repository/com/sun/xml/bind/jaxb-impl/2.3.2/jaxb-runtime-2.3.2.jar,file:/Users/bsridharpatnaik/.m2/repository/com/sun/xml/bind/jaxb-impl/2.3.2/txw2-2.3.2.jar,file:/Users/bsridharpatnaik/.m2/repository/com/sun/xml/bind/jaxb-impl/2.3.2/istack-commons-runtime-3.0.8.jar,file:/Users/bsridharpatnaik/.m2/repository/com/sun/xml/bind/jaxb-impl/2.3.2/stax-ex-1.8.1.jar,file:/Users/bsridharpatnaik/.m2/repository/com/sun/xml/bind/jaxb-impl/2.3.2/FastInfoset-1.2.16.jar,file:/Users/bsridharpatnaik/.m2/repository/com/sun/xml/bind/jaxb-impl/2.3.2/jakarta.activation-api-1.2.1.jar
2020-10-04 10:38:48,234 INFO org.springframework.boot.logging.DeferredLog [restartedMain] The Class-Path manifest attribute in /Users/bsridharpatnaik/.m2/repository/org/glassfish/jaxb/jaxb-runtime/2.3.2/jaxb-runtime-2.3.2.jar referenced one or more files that do not exist: file:/Users/bsridharpatnaik/.m2/repository/org/glassfish/jaxb/jaxb-runtime/2.3.2/jakarta.xml.bind-api-2.3.2.jar,file:/Users/bsridharpatnaik/.m2/repository/org/glassfish/jaxb/jaxb-runtime/2.3.2/txw2-2.3.2.jar,file:/Users/bsridharpatnaik/.m2/repository/org/glassfish/jaxb/jaxb-runtime/2.3.2/istack-commons-runtime-3.0.8.jar,file:/Users/bsridharpatnaik/.m2/repository/org/glassfish/jaxb/jaxb-runtime/2.3.2/stax-ex-1.8.1.jar,file:/Users/bsridharpatnaik/.m2/repository/org/glassfish/jaxb/jaxb-runtime/2.3.2/FastInfoset-1.2.16.jar,file:/Users/bsridharpatnaik/.m2/repository/org/glassfish/jaxb/jaxb-runtime/2.3.2/jakarta.activation-api-1.2.1.jar
2020-10-04 10:38:48,236 INFO org.springframework.boot.logging.DeferredLog [restartedMain] Devtools property defaults active! Set 'spring.devtools.add-properties' to 'false' to disable
2020-10-04 10:38:48,237 INFO org.springframework.boot.logging.DeferredLog [restartedMain] For additional web related logging consider setting the 'logging.level.web' property to 'DEBUG'
2020-10-04 10:38:51,678 INFO org.springframework.data.repository.config.RepositoryConfigurationDelegate [restartedMain] Bootstrapping Spring Data JPA repositories in DEFAULT mode.
2020-10-04 10:38:52,365 INFO org.springframework.data.repository.config.RepositoryConfigurationDelegate [restartedMain] Finished Spring Data repository scanning in 632ms. Found 20 JPA repository interfaces.
2020-10-04 10:38:53,407 INFO org.springframework.context.support.PostProcessorRegistrationDelegate$BeanPostProcessorChecker [restartedMain] Bean 'org.springframework.ws.config.annotation.DelegatingWsConfiguration' of type [org.springframework.ws.config.annotation.DelegatingWsConfiguration$$EnhancerBySpringCGLIB$$b8f4404d] is not eligible for getting processed by all BeanPostProcessors (for example: not eligible for auto-proxying)
2020-10-04 10:38:53,471 INFO org.springframework.ws.soap.addressing.server.AbstractAddressingEndpointMapping [restartedMain] Supporting [WS-Addressing August 2004, WS-Addressing 1.0]
2020-10-04 10:38:53,555 INFO org.springframework.context.support.PostProcessorRegistrationDelegate$BeanPostProcessorChecker [restartedMain] Bean 'org.springframework.transaction.annotation.ProxyTransactionManagementConfiguration' of type [org.springframework.transaction.annotation.ProxyTransactionManagementConfiguration] is not eligible for getting processed by all BeanPostProcessors (for example: not eligible for auto-proxying)
2020-10-04 10:38:54,264 INFO org.springframework.boot.web.embedded.tomcat.TomcatWebServer [restartedMain] Tomcat initialized with port(s): 8081 (http)
2020-10-04 10:38:54,291 INFO org.apache.juli.logging.DirectJDKLog [restartedMain] Initializing ProtocolHandler ["http-nio-8081"]
2020-10-04 10:38:54,293 INFO org.apache.juli.logging.DirectJDKLog [restartedMain] Starting service [Tomcat]
2020-10-04 10:38:54,297 INFO org.apache.juli.logging.DirectJDKLog [restartedMain] Starting Servlet engine: [Apache Tomcat/9.0.29]
2020-10-04 10:38:54,670 INFO org.apache.juli.logging.DirectJDKLog [restartedMain] Initializing Spring embedded WebApplicationContext
2020-10-04 10:38:54,671 INFO org.springframework.boot.web.servlet.context.ServletWebServerApplicationContext [restartedMain] Root WebApplicationContext: initialization completed in 6270 ms
2020-10-04 10:38:55,286 DEBUG org.springframework.web.filter.GenericFilterBean [restartedMain] Filter 'requestLoggingFilter' configured for use
2020-10-04 10:38:55,287 DEBUG org.springframework.web.filter.GenericFilterBean [restartedMain] Filter 'logFilter' configured for use
2020-10-04 10:38:55,563 INFO org.hibernate.jpa.internal.util.LogHelper [restartedMain] HHH000204: Processing PersistenceUnitInfo [name: default]
2020-10-04 10:38:55,751 INFO org.hibernate.Version [restartedMain] HHH000412: Hibernate Core {5.4.9.Final}
2020-10-04 10:38:56,024 INFO org.hibernate.annotations.common.reflection.java.JavaReflectionManager [restartedMain] HCANN000001: Hibernate Commons Annotations {5.1.0.Final}
2020-10-04 10:38:56,338 INFO com.zaxxer.hikari.HikariDataSource [restartedMain] HikariPool-1 - Starting...
2020-10-04 10:38:56,340 WARN com.zaxxer.hikari.util.DriverDataSource [restartedMain] Registered driver with driverClassName=com.mysql.jdbc.Driver was not found, trying direct instantiation.
2020-10-04 10:38:56,702 INFO com.zaxxer.hikari.HikariDataSource [restartedMain] HikariPool-1 - Start completed.
2020-10-04 10:38:56,770 INFO org.hibernate.dialect.Dialect [restartedMain] HHH000400: Using dialect: org.hibernate.dialect.MySQL5InnoDBDialect
2020-10-04 10:38:57,280 INFO org.hibernate.envers.boot.internal.EnversServiceImpl [restartedMain] Envers integration enabled? : true
2020-10-04 10:38:58,086 WARN org.hibernate.cfg.AnnotationBinder [restartedMain] HHH000491: The [warehouse] association in the [com.ec.application.model.LostDamagedInventory] entity uses both @NotFound(action = NotFoundAction.IGNORE) and FetchType.LAZY. The NotFoundAction.IGNORE @ManyToOne and @OneToOne associations are always fetched eagerly.
2020-10-04 10:38:58,123 WARN org.hibernate.cfg.AnnotationBinder [restartedMain] HHH000491: The [category] association in the [com.ec.application.model.Product] entity uses both @NotFound(action = NotFoundAction.IGNORE) and FetchType.LAZY. The NotFoundAction.IGNORE @ManyToOne and @OneToOne associations are always fetched eagerly.
2020-10-04 10:38:58,139 WARN org.hibernate.cfg.AnnotationBinder [restartedMain] HHH000491: The [product] association in the [com.ec.application.model.Stock] entity uses both @NotFound(action = NotFoundAction.IGNORE) and FetchType.LAZY. The NotFoundAction.IGNORE @ManyToOne and @OneToOne associations are always fetched eagerly.
2020-10-04 10:38:58,154 WARN org.hibernate.cfg.AnnotationBinder [restartedMain] HHH000491: The [warehouse] association in the [com.ec.application.model.Stock] entity uses both @NotFound(action = NotFoundAction.IGNORE) and FetchType.LAZY. The NotFoundAction.IGNORE @ManyToOne and @OneToOne associations are always fetched eagerly.
2020-10-04 10:38:58,353 INFO org.hibernate.engine.transaction.jta.platform.internal.JtaPlatformInitiator [restartedMain] HHH000490: Using JtaPlatform implementation: [org.hibernate.engine.transaction.jta.platform.internal.NoJtaPlatform]
2020-10-04 10:38:58,371 INFO org.springframework.orm.jpa.AbstractEntityManagerFactoryBean [restartedMain] Initialized JPA EntityManagerFactory for persistence unit 'default'
2020-10-04 10:38:58,619 INFO org.springframework.boot.devtools.autoconfigure.OptionalLiveReloadServer [restartedMain] LiveReload server is running on port 35729
2020-10-04 10:39:05,895 WARN org.springframework.boot.autoconfigure.orm.jpa.JpaBaseConfiguration$JpaWebConfiguration [restartedMain] spring.jpa.open-in-view is enabled by default. Therefore, database queries may be performed during view rendering. Explicitly configure spring.jpa.open-in-view to disable this warning
2020-10-04 10:39:06,355 INFO org.springframework.scheduling.concurrent.ExecutorConfigurationSupport [restartedMain] Initializing ExecutorService 'applicationTaskExecutor'
2020-10-04 10:39:07,686 INFO org.springframework.scheduling.concurrent.ExecutorConfigurationSupport [restartedMain] Initializing ExecutorService 'taskScheduler'
2020-10-04 10:39:08,534 INFO org.apache.juli.logging.DirectJDKLog [restartedMain] Starting ProtocolHandler ["http-nio-8081"]
2020-10-04 10:39:08,592 INFO org.springframework.boot.web.embedded.tomcat.TomcatWebServer [restartedMain] Tomcat started on port(s): 8081 (http) with context path ''
2020-10-04 10:39:08,600 INFO org.springframework.boot.StartupInfoLogger [restartedMain] Started EcApplication in 57.217 seconds (JVM running for 64.143)
2020-10-04 10:39:11,091 INFO org.hibernate.engine.transaction.jta.platform.internal.JtaPlatformInitiator [restartedMain] HHH000490: Using JtaPlatform implementation: [org.hibernate.engine.transaction.jta.platform.internal.NoJtaPlatform]
2020-10-04 10:39:11,126 INFO org.springframework.orm.jpa.AbstractEntityManagerFactoryBean [restartedMain] Initialized JPA EntityManagerFactory for persistence unit 'default'
2020-10-04 10:39:11,373 WARN org.springframework.boot.devtools.autoconfigure.OptionalLiveReloadServer [restartedMain] Unable to start LiveReload server
2020-10-04 10:39:16,347 WARN org.springframework.boot.autoconfigure.orm.jpa.JpaBaseConfiguration$JpaWebConfiguration [restartedMain] spring.jpa.open-in-view is enabled by default. Therefore, database queries may be performed during view rendering. Explicitly configure spring.jpa.open-in-view to disable this warning
2020-10-04 10:39:16,622 INFO org.springframework.scheduling.concurrent.ExecutorConfigurationSupport [restartedMain] Initializing ExecutorService 'applicationTaskExecutor'
2020-10-04 10:39:17,440 INFO org.springframework.scheduling.concurrent.ExecutorConfigurationSupport [restartedMain] Initializing ExecutorService 'taskScheduler'
2020-10-04 10:39:17,892 INFO org.apache.juli.logging.DirectJDKLog [restartedMain] Starting ProtocolHandler ["http-nio-8081"]
2020-10-04 10:39:17,921 INFO org.apache.juli.logging.DirectJDKLog [restartedMain] Pausing ProtocolHandler ["http-nio-8081"]
2020-10-04 10:39:17,922 INFO org.apache.juli.logging.DirectJDKLog [restartedMain] Stopping service [Tomcat]
2020-10-04 10:39:17,930 INFO org.apache.juli.logging.DirectJDKLog [restartedMain] Stopping ProtocolHandler ["http-nio-8081"]
2020-10-04 10:39:17,930 INFO org.apache.juli.logging.DirectJDKLog [restartedMain] Destroying ProtocolHandler ["http-nio-8081"]
2020-10-04 10:39:17,935 INFO org.springframework.boot.autoconfigure.logging.ConditionEvaluationReportLoggingListener [restartedMain] 

Error starting ApplicationContext. To display the conditions report re-run your application with 'debug' enabled.
2020-10-04 10:39:17,942 ERROR org.springframework.boot.diagnostics.LoggingFailureAnalysisReporter [restartedMain] 

***************************
APPLICATION FAILED TO START
***************************

Description:

Web server failed to start. Port 8081 was already in use.

Action:

Identify and stop the process that's listening on port 8081 or configure this application to listen on another port.

2020-10-04 10:39:18,013 INFO org.springframework.scheduling.concurrent.ExecutorConfigurationSupport [restartedMain] Shutting down ExecutorService 'taskScheduler'
2020-10-04 10:39:18,014 INFO org.springframework.scheduling.concurrent.ExecutorConfigurationSupport [restartedMain] Shutting down ExecutorService 'applicationTaskExecutor'
2020-10-04 10:39:18,026 INFO org.springframework.orm.jpa.AbstractEntityManagerFactoryBean [restartedMain] Closing JPA EntityManagerFactory for persistence unit 'default'
2020-10-04 10:39:18,044 INFO com.zaxxer.hikari.HikariDataSource [restartedMain] HikariPool-1 - Shutdown initiated...
2020-10-04 10:39:18,101 INFO com.zaxxer.hikari.HikariDataSource [restartedMain] HikariPool-1 - Shutdown completed.
2020-10-04 10:39:33,655 INFO org.springframework.boot.admin.SpringApplicationAdminMXBeanRegistrar$SpringApplicationAdmin [RMI TCP Connection(2)-127.0.0.1] Application shutdown requested.
2020-10-04 10:39:33,710 INFO org.springframework.scheduling.concurrent.ExecutorConfigurationSupport [RMI TCP Connection(2)-127.0.0.1] Shutting down ExecutorService 'taskScheduler'
2020-10-04 10:39:33,713 INFO org.springframework.scheduling.concurrent.ExecutorConfigurationSupport [RMI TCP Connection(2)-127.0.0.1] Shutting down ExecutorService 'applicationTaskExecutor'
2020-10-04 10:39:33,727 INFO org.springframework.orm.jpa.AbstractEntityManagerFactoryBean [RMI TCP Connection(2)-127.0.0.1] Closing JPA EntityManagerFactory for persistence unit 'default'
2020-10-04 10:39:33,738 INFO com.zaxxer.hikari.HikariDataSource [RMI TCP Connection(2)-127.0.0.1] HikariPool-1 - Shutdown initiated...
2020-10-04 10:39:33,772 INFO com.zaxxer.hikari.HikariDataSource [RMI TCP Connection(2)-127.0.0.1] HikariPool-1 - Shutdown completed.
2020-10-04 10:40:03,291 WARN org.springframework.boot.StartupInfoLogger [restartedMain] InetAddress.getLocalHost().getHostName() took 5005 milliseconds to respond. Please verify your network configuration (macOS machines may need to add entries to /etc/hosts).
2020-10-04 10:40:08,300 INFO org.springframework.boot.StartupInfoLogger [restartedMain] Starting EcApplication on Sridhars-MacBook-Air.local with PID 57734 (/Users/bsridharpatnaik/Documents/GitHub/Evergreen-City-Management-System/ec-inventory-service/target/classes started by bsridharpatnaik in /Users/bsridharpatnaik/Documents/GitHub/Evergreen-City-Management-System/ec-inventory-service)
2020-10-04 10:40:08,301 DEBUG org.springframework.boot.StartupInfoLogger [restartedMain] Running with Spring Boot v2.2.2.RELEASE, Spring v5.2.2.RELEASE
2020-10-04 10:40:08,303 INFO org.springframework.boot.SpringApplication [restartedMain] No active profile set, falling back to default profiles: default
2020-10-04 10:40:08,451 INFO org.springframework.boot.logging.DeferredLog [restartedMain] The Class-Path manifest attribute in /Users/bsridharpatnaik/.m2/repository/javax/mail/mail/1.4/mail-1.4.jar referenced one or more files that do not exist: file:/Users/bsridharpatnaik/.m2/repository/javax/mail/mail/1.4/activation.jar
2020-10-04 10:40:08,452 INFO org.springframework.boot.logging.DeferredLog [restartedMain] The Class-Path manifest attribute in /Users/bsridharpatnaik/.m2/repository/com/sun/xml/bind/jaxb-impl/2.3.2/jaxb-impl-2.3.2.jar referenced one or more files that do not exist: file:/Users/bsridharpatnaik/.m2/repository/com/sun/xml/bind/jaxb-impl/2.3.2/jaxb-runtime-2.3.2.jar,file:/Users/bsridharpatnaik/.m2/repository/com/sun/xml/bind/jaxb-impl/2.3.2/txw2-2.3.2.jar,file:/Users/bsridharpatnaik/.m2/repository/com/sun/xml/bind/jaxb-impl/2.3.2/istack-commons-runtime-3.0.8.jar,file:/Users/bsridharpatnaik/.m2/repository/com/sun/xml/bind/jaxb-impl/2.3.2/stax-ex-1.8.1.jar,file:/Users/bsridharpatnaik/.m2/repository/com/sun/xml/bind/jaxb-impl/2.3.2/FastInfoset-1.2.16.jar,file:/Users/bsridharpatnaik/.m2/repository/com/sun/xml/bind/jaxb-impl/2.3.2/jakarta.activation-api-1.2.1.jar
2020-10-04 10:40:08,452 INFO org.springframework.boot.logging.DeferredLog [restartedMain] The Class-Path manifest attribute in /Users/bsridharpatnaik/.m2/repository/org/glassfish/jaxb/jaxb-runtime/2.3.2/jaxb-runtime-2.3.2.jar referenced one or more files that do not exist: file:/Users/bsridharpatnaik/.m2/repository/org/glassfish/jaxb/jaxb-runtime/2.3.2/jakarta.xml.bind-api-2.3.2.jar,file:/Users/bsridharpatnaik/.m2/repository/org/glassfish/jaxb/jaxb-runtime/2.3.2/txw2-2.3.2.jar,file:/Users/bsridharpatnaik/.m2/repository/org/glassfish/jaxb/jaxb-runtime/2.3.2/istack-commons-runtime-3.0.8.jar,file:/Users/bsridharpatnaik/.m2/repository/org/glassfish/jaxb/jaxb-runtime/2.3.2/stax-ex-1.8.1.jar,file:/Users/bsridharpatnaik/.m2/repository/org/glassfish/jaxb/jaxb-runtime/2.3.2/FastInfoset-1.2.16.jar,file:/Users/bsridharpatnaik/.m2/repository/org/glassfish/jaxb/jaxb-runtime/2.3.2/jakarta.activation-api-1.2.1.jar
2020-10-04 10:40:08,454 INFO org.springframework.boot.logging.DeferredLog [restartedMain] Devtools property defaults active! Set 'spring.devtools.add-properties' to 'false' to disable
2020-10-04 10:40:08,455 INFO org.springframework.boot.logging.DeferredLog [restartedMain] For additional web related logging consider setting the 'logging.level.web' property to 'DEBUG'
2020-10-04 10:40:10,389 INFO org.springframework.data.repository.config.RepositoryConfigurationDelegate [restartedMain] Bootstrapping Spring Data JPA repositories in DEFAULT mode.
2020-10-04 10:40:10,745 INFO org.springframework.data.repository.config.RepositoryConfigurationDelegate [restartedMain] Finished Spring Data repository scanning in 338ms. Found 20 JPA repository interfaces.
2020-10-04 10:40:11,422 INFO org.springframework.context.support.PostProcessorRegistrationDelegate$BeanPostProcessorChecker [restartedMain] Bean 'org.springframework.ws.config.annotation.DelegatingWsConfiguration' of type [org.springframework.ws.config.annotation.DelegatingWsConfiguration$$EnhancerBySpringCGLIB$$85c5cfad] is not eligible for getting processed by all BeanPostProcessors (for example: not eligible for auto-proxying)
2020-10-04 10:40:11,496 INFO org.springframework.ws.soap.addressing.server.AbstractAddressingEndpointMapping [restartedMain] Supporting [WS-Addressing August 2004, WS-Addressing 1.0]
2020-10-04 10:40:11,528 INFO org.springframework.context.support.PostProcessorRegistrationDelegate$BeanPostProcessorChecker [restartedMain] Bean 'org.springframework.transaction.annotation.ProxyTransactionManagementConfiguration' of type [org.springframework.transaction.annotation.ProxyTransactionManagementConfiguration] is not eligible for getting processed by all BeanPostProcessors (for example: not eligible for auto-proxying)
2020-10-04 10:40:12,012 INFO org.springframework.boot.web.embedded.tomcat.TomcatWebServer [restartedMain] Tomcat initialized with port(s): 8081 (http)
2020-10-04 10:40:12,030 INFO org.apache.juli.logging.DirectJDKLog [restartedMain] Initializing ProtocolHandler ["http-nio-8081"]
2020-10-04 10:40:12,032 INFO org.apache.juli.logging.DirectJDKLog [restartedMain] Starting service [Tomcat]
2020-10-04 10:40:12,033 INFO org.apache.juli.logging.DirectJDKLog [restartedMain] Starting Servlet engine: [Apache Tomcat/9.0.29]
2020-10-04 10:40:12,231 INFO org.apache.juli.logging.DirectJDKLog [restartedMain] Initializing Spring embedded WebApplicationContext
2020-10-04 10:40:12,232 INFO org.springframework.boot.web.servlet.context.ServletWebServerApplicationContext [restartedMain] Root WebApplicationContext: initialization completed in 3776 ms
2020-10-04 10:40:12,636 DEBUG org.springframework.web.filter.GenericFilterBean [restartedMain] Filter 'requestLoggingFilter' configured for use
2020-10-04 10:40:12,637 DEBUG org.springframework.web.filter.GenericFilterBean [restartedMain] Filter 'logFilter' configured for use
2020-10-04 10:40:12,861 INFO org.hibernate.jpa.internal.util.LogHelper [restartedMain] HHH000204: Processing PersistenceUnitInfo [name: default]
2020-10-04 10:40:12,989 INFO org.hibernate.Version [restartedMain] HHH000412: Hibernate Core {5.4.9.Final}
2020-10-04 10:40:13,187 INFO org.hibernate.annotations.common.reflection.java.JavaReflectionManager [restartedMain] HCANN000001: Hibernate Commons Annotations {5.1.0.Final}
2020-10-04 10:40:13,383 INFO com.zaxxer.hikari.HikariDataSource [restartedMain] HikariPool-1 - Starting...
2020-10-04 10:40:13,386 WARN com.zaxxer.hikari.util.DriverDataSource [restartedMain] Registered driver with driverClassName=com.mysql.jdbc.Driver was not found, trying direct instantiation.
2020-10-04 10:40:13,597 INFO com.zaxxer.hikari.HikariDataSource [restartedMain] HikariPool-1 - Start completed.
2020-10-04 10:40:13,618 INFO org.hibernate.dialect.Dialect [restartedMain] HHH000400: Using dialect: org.hibernate.dialect.MySQL5InnoDBDialect
2020-10-04 10:40:13,821 INFO org.hibernate.envers.boot.internal.EnversServiceImpl [restartedMain] Envers integration enabled? : true
2020-10-04 10:40:14,167 WARN org.hibernate.cfg.AnnotationBinder [restartedMain] HHH000491: The [warehouse] association in the [com.ec.application.model.LostDamagedInventory] entity uses both @NotFound(action = NotFoundAction.IGNORE) and FetchType.LAZY. The NotFoundAction.IGNORE @ManyToOne and @OneToOne associations are always fetched eagerly.
2020-10-04 10:40:14,192 WARN org.hibernate.cfg.AnnotationBinder [restartedMain] HHH000491: The [category] association in the [com.ec.application.model.Product] entity uses both @NotFound(action = NotFoundAction.IGNORE) and FetchType.LAZY. The NotFoundAction.IGNORE @ManyToOne and @OneToOne associations are always fetched eagerly.
2020-10-04 10:40:14,201 WARN org.hibernate.cfg.AnnotationBinder [restartedMain] HHH000491: The [product] association in the [com.ec.application.model.Stock] entity uses both @NotFound(action = NotFoundAction.IGNORE) and FetchType.LAZY. The NotFoundAction.IGNORE @ManyToOne and @OneToOne associations are always fetched eagerly.
2020-10-04 10:40:14,202 WARN org.hibernate.cfg.AnnotationBinder [restartedMain] HHH000491: The [warehouse] association in the [com.ec.application.model.Stock] entity uses both @NotFound(action = NotFoundAction.IGNORE) and FetchType.LAZY. The NotFoundAction.IGNORE @ManyToOne and @OneToOne associations are always fetched eagerly.
2020-10-04 10:40:19,703 INFO org.hibernate.engine.transaction.jta.platform.internal.JtaPlatformInitiator [restartedMain] HHH000490: Using JtaPlatform implementation: [org.hibernate.engine.transaction.jta.platform.internal.NoJtaPlatform]
2020-10-04 10:40:19,714 INFO org.springframework.orm.jpa.AbstractEntityManagerFactoryBean [restartedMain] Initialized JPA EntityManagerFactory for persistence unit 'default'
2020-10-04 10:40:19,785 INFO org.springframework.boot.devtools.autoconfigure.OptionalLiveReloadServer [restartedMain] LiveReload server is running on port 35729
2020-10-04 10:40:22,763 WARN org.springframework.boot.autoconfigure.orm.jpa.JpaBaseConfiguration$JpaWebConfiguration [restartedMain] spring.jpa.open-in-view is enabled by default. Therefore, database queries may be performed during view rendering. Explicitly configure spring.jpa.open-in-view to disable this warning
2020-10-04 10:40:22,946 INFO org.springframework.scheduling.concurrent.ExecutorConfigurationSupport [restartedMain] Initializing ExecutorService 'applicationTaskExecutor'
2020-10-04 10:40:23,412 INFO org.springframework.scheduling.concurrent.ExecutorConfigurationSupport [restartedMain] Initializing ExecutorService 'taskScheduler'
2020-10-04 10:40:23,704 INFO org.apache.juli.logging.DirectJDKLog [restartedMain] Starting ProtocolHandler ["http-nio-8081"]
2020-10-04 10:40:23,785 INFO org.springframework.boot.web.embedded.tomcat.TomcatWebServer [restartedMain] Tomcat started on port(s): 8081 (http) with context path ''
2020-10-04 10:40:23,790 INFO org.springframework.boot.StartupInfoLogger [restartedMain] Started EcApplication in 36.546 seconds (JVM running for 43.236)
2020-10-04 10:40:37,509 INFO org.springframework.scheduling.concurrent.ExecutorConfigurationSupport [Thread-5] Shutting down ExecutorService 'taskScheduler'
2020-10-04 10:40:37,512 INFO org.springframework.scheduling.concurrent.ExecutorConfigurationSupport [Thread-5] Shutting down ExecutorService 'applicationTaskExecutor'
2020-10-04 10:40:37,520 INFO org.springframework.orm.jpa.AbstractEntityManagerFactoryBean [Thread-5] Closing JPA EntityManagerFactory for persistence unit 'default'
2020-10-04 10:40:37,526 INFO com.zaxxer.hikari.HikariDataSource [Thread-5] HikariPool-1 - Shutdown initiated...
2020-10-04 10:40:37,550 INFO com.zaxxer.hikari.HikariDataSource [Thread-5] HikariPool-1 - Shutdown completed.
2020-10-04 10:40:53,107 WARN org.springframework.boot.StartupInfoLogger [restartedMain] InetAddress.getLocalHost().getHostName() took 5004 milliseconds to respond. Please verify your network configuration (macOS machines may need to add entries to /etc/hosts).
2020-10-04 10:40:58,114 INFO org.springframework.boot.StartupInfoLogger [restartedMain] Starting EcApplication on Sridhars-MacBook-Air.local with PID 57734 (/Users/bsridharpatnaik/Documents/GitHub/Evergreen-City-Management-System/ec-inventory-service/target/classes started by bsridharpatnaik in /Users/bsridharpatnaik/Documents/GitHub/Evergreen-City-Management-System/ec-inventory-service)
2020-10-04 10:40:58,114 DEBUG org.springframework.boot.StartupInfoLogger [restartedMain] Running with Spring Boot v2.2.2.RELEASE, Spring v5.2.2.RELEASE
2020-10-04 10:40:58,115 INFO org.springframework.boot.SpringApplication [restartedMain] No active profile set, falling back to default profiles: default
2020-10-04 10:40:58,832 INFO org.springframework.data.repository.config.RepositoryConfigurationDelegate [restartedMain] Bootstrapping Spring Data JPA repositories in DEFAULT mode.
2020-10-04 10:40:59,043 INFO org.springframework.data.repository.config.RepositoryConfigurationDelegate [restartedMain] Finished Spring Data repository scanning in 210ms. Found 20 JPA repository interfaces.
2020-10-04 10:40:59,213 INFO org.springframework.context.support.PostProcessorRegistrationDelegate$BeanPostProcessorChecker [restartedMain] Bean 'org.springframework.ws.config.annotation.DelegatingWsConfiguration' of type [org.springframework.ws.config.annotation.DelegatingWsConfiguration$$EnhancerBySpringCGLIB$$85c5cfad] is not eligible for getting processed by all BeanPostProcessors (for example: not eligible for auto-proxying)
2020-10-04 10:40:59,218 INFO org.springframework.ws.soap.addressing.server.AbstractAddressingEndpointMapping [restartedMain] Supporting [WS-Addressing August 2004, WS-Addressing 1.0]
2020-10-04 10:40:59,234 INFO org.springframework.context.support.PostProcessorRegistrationDelegate$BeanPostProcessorChecker [restartedMain] Bean 'org.springframework.transaction.annotation.ProxyTransactionManagementConfiguration' of type [org.springframework.transaction.annotation.ProxyTransactionManagementConfiguration] is not eligible for getting processed by all BeanPostProcessors (for example: not eligible for auto-proxying)
2020-10-04 10:40:59,309 WARN org.apache.juli.logging.DirectJDKLog [restartedMain] The MBean registry cannot be disabled because it has already been initialised
2020-10-04 10:40:59,355 INFO org.springframework.boot.web.embedded.tomcat.TomcatWebServer [restartedMain] Tomcat initialized with port(s): 8081 (http)
2020-10-04 10:40:59,362 INFO org.apache.juli.logging.DirectJDKLog [restartedMain] Initializing ProtocolHandler ["http-nio-8081"]
2020-10-04 10:40:59,363 INFO org.apache.juli.logging.DirectJDKLog [restartedMain] Starting service [Tomcat]
2020-10-04 10:40:59,364 INFO org.apache.juli.logging.DirectJDKLog [restartedMain] Starting Servlet engine: [Apache Tomcat/9.0.29]
2020-10-04 10:40:59,394 INFO org.apache.juli.logging.DirectJDKLog [restartedMain] Initializing Spring embedded WebApplicationContext
2020-10-04 10:40:59,394 INFO org.springframework.boot.web.servlet.context.ServletWebServerApplicationContext [restartedMain] Root WebApplicationContext: initialization completed in 1271 ms
2020-10-04 10:40:59,493 DEBUG org.springframework.web.filter.GenericFilterBean [restartedMain] Filter 'requestLoggingFilter' configured for use
2020-10-04 10:40:59,493 DEBUG org.springframework.web.filter.GenericFilterBean [restartedMain] Filter 'logFilter' configured for use
2020-10-04 10:40:59,651 INFO org.hibernate.jpa.internal.util.LogHelper [restartedMain] HHH000204: Processing PersistenceUnitInfo [name: default]
2020-10-04 10:40:59,661 INFO com.zaxxer.hikari.HikariDataSource [restartedMain] HikariPool-2 - Starting...
2020-10-04 10:40:59,662 WARN com.zaxxer.hikari.util.DriverDataSource [restartedMain] Registered driver with driverClassName=com.mysql.jdbc.Driver was not found, trying direct instantiation.
2020-10-04 10:40:59,668 INFO com.zaxxer.hikari.HikariDataSource [restartedMain] HikariPool-2 - Start completed.
2020-10-04 10:40:59,669 INFO org.hibernate.dialect.Dialect [restartedMain] HHH000400: Using dialect: org.hibernate.dialect.MySQL5InnoDBDialect
2020-10-04 10:40:59,679 INFO org.hibernate.envers.boot.internal.EnversServiceImpl [restartedMain] Envers integration enabled? : true
2020-10-04 10:40:59,744 WARN org.hibernate.cfg.AnnotationBinder [restartedMain] HHH000491: The [warehouse] association in the [com.ec.application.model.LostDamagedInventory] entity uses both @NotFound(action = NotFoundAction.IGNORE) and FetchType.LAZY. The NotFoundAction.IGNORE @ManyToOne and @OneToOne associations are always fetched eagerly.
2020-10-04 10:40:59,787 WARN org.hibernate.cfg.AnnotationBinder [restartedMain] HHH000491: The [category] association in the [com.ec.application.model.Product] entity uses both @NotFound(action = NotFoundAction.IGNORE) and FetchType.LAZY. The NotFoundAction.IGNORE @ManyToOne and @OneToOne associations are always fetched eagerly.
2020-10-04 10:40:59,835 WARN org.hibernate.cfg.AnnotationBinder [restartedMain] HHH000491: The [product] association in the [com.ec.application.model.Stock] entity uses both @NotFound(action = NotFoundAction.IGNORE) and FetchType.LAZY. The NotFoundAction.IGNORE @ManyToOne and @OneToOne associations are always fetched eagerly.
2020-10-04 10:40:59,842 WARN org.hibernate.cfg.AnnotationBinder [restartedMain] HHH000491: The [warehouse] association in the [com.ec.application.model.Stock] entity uses both @NotFound(action = NotFoundAction.IGNORE) and FetchType.LAZY. The NotFoundAction.IGNORE @ManyToOne and @OneToOne associations are always fetched eagerly.
2020-10-04 10:41:03,733 INFO org.hibernate.engine.transaction.jta.platform.internal.JtaPlatformInitiator [restartedMain] HHH000490: Using JtaPlatform implementation: [org.hibernate.engine.transaction.jta.platform.internal.NoJtaPlatform]
2020-10-04 10:41:03,735 INFO org.springframework.orm.jpa.AbstractEntityManagerFactoryBean [restartedMain] Initialized JPA EntityManagerFactory for persistence unit 'default'
2020-10-04 10:41:03,757 INFO org.springframework.boot.devtools.autoconfigure.OptionalLiveReloadServer [restartedMain] LiveReload server is running on port 35729
2020-10-04 10:41:06,090 WARN org.springframework.boot.autoconfigure.orm.jpa.JpaBaseConfiguration$JpaWebConfiguration [restartedMain] spring.jpa.open-in-view is enabled by default. Therefore, database queries may be performed during view rendering. Explicitly configure spring.jpa.open-in-view to disable this warning
2020-10-04 10:41:06,235 INFO org.springframework.scheduling.concurrent.ExecutorConfigurationSupport [restartedMain] Initializing ExecutorService 'applicationTaskExecutor'
2020-10-04 10:41:06,434 INFO org.springframework.scheduling.concurrent.ExecutorConfigurationSupport [restartedMain] Initializing ExecutorService 'taskScheduler'
2020-10-04 10:41:06,708 INFO org.apache.juli.logging.DirectJDKLog [restartedMain] Starting ProtocolHandler ["http-nio-8081"]
2020-10-04 10:41:06,712 INFO org.springframework.boot.web.embedded.tomcat.TomcatWebServer [restartedMain] Tomcat started on port(s): 8081 (http) with context path ''
2020-10-04 10:41:06,714 INFO org.springframework.boot.StartupInfoLogger [restartedMain] Started EcApplication in 28.668 seconds (JVM running for 86.16)
2020-10-04 10:41:06,718 INFO org.springframework.boot.devtools.autoconfigure.ConditionEvaluationDeltaLoggingListener [restartedMain] Condition evaluation unchanged
2020-10-04 10:41:09,850 INFO org.springframework.scheduling.concurrent.ExecutorConfigurationSupport [Thread-9] Shutting down ExecutorService 'taskScheduler'
2020-10-04 10:41:09,852 INFO org.springframework.scheduling.concurrent.ExecutorConfigurationSupport [Thread-9] Shutting down ExecutorService 'applicationTaskExecutor'
2020-10-04 10:41:09,857 INFO org.springframework.orm.jpa.AbstractEntityManagerFactoryBean [Thread-9] Closing JPA EntityManagerFactory for persistence unit 'default'
2020-10-04 10:41:09,862 INFO com.zaxxer.hikari.HikariDataSource [Thread-9] HikariPool-2 - Shutdown initiated...
2020-10-04 10:41:09,881 INFO com.zaxxer.hikari.HikariDataSource [Thread-9] HikariPool-2 - Shutdown completed.
2020-10-04 10:41:26,145 WARN org.springframework.boot.StartupInfoLogger [restartedMain] InetAddress.getLocalHost().getHostName() took 5002 milliseconds to respond. Please verify your network configuration (macOS machines may need to add entries to /etc/hosts).
2020-10-04 10:41:31,149 INFO org.springframework.boot.StartupInfoLogger [restartedMain] Starting EcApplication on Sridhars-MacBook-Air.local with PID 57734 (/Users/bsridharpatnaik/Documents/GitHub/Evergreen-City-Management-System/ec-inventory-service/target/classes started by bsridharpatnaik in /Users/bsridharpatnaik/Documents/GitHub/Evergreen-City-Management-System/ec-inventory-service)
2020-10-04 10:41:31,150 DEBUG org.springframework.boot.StartupInfoLogger [restartedMain] Running with Spring Boot v2.2.2.RELEASE, Spring v5.2.2.RELEASE
2020-10-04 10:41:31,150 INFO org.springframework.boot.SpringApplication [restartedMain] No active profile set, falling back to default profiles: default
2020-10-04 10:41:32,152 INFO org.springframework.data.repository.config.RepositoryConfigurationDelegate [restartedMain] Bootstrapping Spring Data JPA repositories in DEFAULT mode.
2020-10-04 10:41:32,349 INFO org.springframework.data.repository.config.RepositoryConfigurationDelegate [restartedMain] Finished Spring Data repository scanning in 196ms. Found 20 JPA repository interfaces.
2020-10-04 10:41:32,542 INFO org.springframework.context.support.PostProcessorRegistrationDelegate$BeanPostProcessorChecker [restartedMain] Bean 'org.springframework.ws.config.annotation.DelegatingWsConfiguration' of type [org.springframework.ws.config.annotation.DelegatingWsConfiguration$$EnhancerBySpringCGLIB$$85c5cfad] is not eligible for getting processed by all BeanPostProcessors (for example: not eligible for auto-proxying)
2020-10-04 10:41:32,547 INFO org.springframework.ws.soap.addressing.server.AbstractAddressingEndpointMapping [restartedMain] Supporting [WS-Addressing August 2004, WS-Addressing 1.0]
2020-10-04 10:41:32,560 INFO org.springframework.context.support.PostProcessorRegistrationDelegate$BeanPostProcessorChecker [restartedMain] Bean 'org.springframework.transaction.annotation.ProxyTransactionManagementConfiguration' of type [org.springframework.transaction.annotation.ProxyTransactionManagementConfiguration] is not eligible for getting processed by all BeanPostProcessors (for example: not eligible for auto-proxying)
2020-10-04 10:41:32,640 WARN org.apache.juli.logging.DirectJDKLog [restartedMain] The MBean registry cannot be disabled because it has already been initialised
2020-10-04 10:41:32,696 INFO org.springframework.boot.web.embedded.tomcat.TomcatWebServer [restartedMain] Tomcat initialized with port(s): 8081 (http)
2020-10-04 10:41:32,698 INFO org.apache.juli.logging.DirectJDKLog [restartedMain] Initializing ProtocolHandler ["http-nio-8081"]
2020-10-04 10:41:32,699 INFO org.apache.juli.logging.DirectJDKLog [restartedMain] Starting service [Tomcat]
2020-10-04 10:41:32,702 INFO org.apache.juli.logging.DirectJDKLog [restartedMain] Starting Servlet engine: [Apache Tomcat/9.0.29]
2020-10-04 10:41:32,717 INFO org.apache.juli.logging.DirectJDKLog [restartedMain] Initializing Spring embedded WebApplicationContext
2020-10-04 10:41:32,717 INFO org.springframework.boot.web.servlet.context.ServletWebServerApplicationContext [restartedMain] Root WebApplicationContext: initialization completed in 1562 ms
2020-10-04 10:41:32,816 DEBUG org.springframework.web.filter.GenericFilterBean [restartedMain] Filter 'requestLoggingFilter' configured for use
2020-10-04 10:41:32,817 DEBUG org.springframework.web.filter.GenericFilterBean [restartedMain] Filter 'logFilter' configured for use
2020-10-04 10:41:32,946 INFO org.hibernate.jpa.internal.util.LogHelper [restartedMain] HHH000204: Processing PersistenceUnitInfo [name: default]
2020-10-04 10:41:32,962 INFO com.zaxxer.hikari.HikariDataSource [restartedMain] HikariPool-3 - Starting...
2020-10-04 10:41:32,963 WARN com.zaxxer.hikari.util.DriverDataSource [restartedMain] Registered driver with driverClassName=com.mysql.jdbc.Driver was not found, trying direct instantiation.
2020-10-04 10:41:32,979 INFO com.zaxxer.hikari.HikariDataSource [restartedMain] HikariPool-3 - Start completed.
2020-10-04 10:41:32,980 INFO org.hibernate.dialect.Dialect [restartedMain] HHH000400: Using dialect: org.hibernate.dialect.MySQL5InnoDBDialect
2020-10-04 10:41:32,985 INFO org.hibernate.envers.boot.internal.EnversServiceImpl [restartedMain] Envers integration enabled? : true
2020-10-04 10:41:33,056 WARN org.hibernate.cfg.AnnotationBinder [restartedMain] HHH000491: The [warehouse] association in the [com.ec.application.model.LostDamagedInventory] entity uses both @NotFound(action = NotFoundAction.IGNORE) and FetchType.LAZY. The NotFoundAction.IGNORE @ManyToOne and @OneToOne associations are always fetched eagerly.
2020-10-04 10:41:33,082 WARN org.hibernate.cfg.AnnotationBinder [restartedMain] HHH000491: The [category] association in the [com.ec.application.model.Product] entity uses both @NotFound(action = NotFoundAction.IGNORE) and FetchType.LAZY. The NotFoundAction.IGNORE @ManyToOne and @OneToOne associations are always fetched eagerly.
2020-10-04 10:41:33,093 WARN org.hibernate.cfg.AnnotationBinder [restartedMain] HHH000491: The [product] association in the [com.ec.application.model.Stock] entity uses both @NotFound(action = NotFoundAction.IGNORE) and FetchType.LAZY. The NotFoundAction.IGNORE @ManyToOne and @OneToOne associations are always fetched eagerly.
2020-10-04 10:41:33,094 WARN org.hibernate.cfg.AnnotationBinder [restartedMain] HHH000491: The [warehouse] association in the [com.ec.application.model.Stock] entity uses both @NotFound(action = NotFoundAction.IGNORE) and FetchType.LAZY. The NotFoundAction.IGNORE @ManyToOne and @OneToOne associations are always fetched eagerly.
2020-10-04 10:41:36,183 INFO org.hibernate.engine.transaction.jta.platform.internal.JtaPlatformInitiator [restartedMain] HHH000490: Using JtaPlatform implementation: [org.hibernate.engine.transaction.jta.platform.internal.NoJtaPlatform]
2020-10-04 10:41:36,184 INFO org.springframework.orm.jpa.AbstractEntityManagerFactoryBean [restartedMain] Initialized JPA EntityManagerFactory for persistence unit 'default'
2020-10-04 10:41:36,201 INFO org.springframework.boot.devtools.autoconfigure.OptionalLiveReloadServer [restartedMain] LiveReload server is running on port 35729
2020-10-04 10:41:38,316 WARN org.springframework.boot.autoconfigure.orm.jpa.JpaBaseConfiguration$JpaWebConfiguration [restartedMain] spring.jpa.open-in-view is enabled by default. Therefore, database queries may be performed during view rendering. Explicitly configure spring.jpa.open-in-view to disable this warning
2020-10-04 10:41:38,395 INFO org.springframework.scheduling.concurrent.ExecutorConfigurationSupport [restartedMain] Initializing ExecutorService 'applicationTaskExecutor'
2020-10-04 10:41:38,553 INFO org.springframework.scheduling.concurrent.ExecutorConfigurationSupport [restartedMain] Initializing ExecutorService 'taskScheduler'
2020-10-04 10:41:38,701 INFO org.apache.juli.logging.DirectJDKLog [restartedMain] Starting ProtocolHandler ["http-nio-8081"]
2020-10-04 10:41:38,703 INFO org.springframework.boot.web.embedded.tomcat.TomcatWebServer [restartedMain] Tomcat started on port(s): 8081 (http) with context path ''
2020-10-04 10:41:38,705 INFO org.springframework.boot.StartupInfoLogger [restartedMain] Started EcApplication in 27.631 seconds (JVM running for 118.15)
2020-10-04 10:41:38,707 INFO org.springframework.boot.devtools.autoconfigure.ConditionEvaluationDeltaLoggingListener [restartedMain] Condition evaluation unchanged
2020-10-04 10:41:40,140 INFO org.springframework.scheduling.concurrent.ExecutorConfigurationSupport [Thread-14] Shutting down ExecutorService 'taskScheduler'
2020-10-04 10:41:40,141 INFO org.springframework.scheduling.concurrent.ExecutorConfigurationSupport [Thread-14] Shutting down ExecutorService 'applicationTaskExecutor'
2020-10-04 10:41:40,147 INFO org.springframework.orm.jpa.AbstractEntityManagerFactoryBean [Thread-14] Closing JPA EntityManagerFactory for persistence unit 'default'
2020-10-04 10:41:40,149 INFO com.zaxxer.hikari.HikariDataSource [Thread-14] HikariPool-3 - Shutdown initiated...
2020-10-04 10:41:40,164 INFO com.zaxxer.hikari.HikariDataSource [Thread-14] HikariPool-3 - Shutdown completed.
2020-10-04 10:41:55,858 WARN org.springframework.boot.StartupInfoLogger [restartedMain] InetAddress.getLocalHost().getHostName() took 5004 milliseconds to respond. Please verify your network configuration (macOS machines may need to add entries to /etc/hosts).
2020-10-04 10:42:00,864 INFO org.springframework.boot.StartupInfoLogger [restartedMain] Starting EcApplication on Sridhars-MacBook-Air.local with PID 57734 (/Users/bsridharpatnaik/Documents/GitHub/Evergreen-City-Management-System/ec-inventory-service/target/classes started by bsridharpatnaik in /Users/bsridharpatnaik/Documents/GitHub/Evergreen-City-Management-System/ec-inventory-service)
2020-10-04 10:42:00,865 DEBUG org.springframework.boot.StartupInfoLogger [restartedMain] Running with Spring Boot v2.2.2.RELEASE, Spring v5.2.2.RELEASE
2020-10-04 10:42:00,866 INFO org.springframework.boot.SpringApplication [restartedMain] No active profile set, falling back to default profiles: default
2020-10-04 10:42:01,581 INFO org.springframework.data.repository.config.RepositoryConfigurationDelegate [restartedMain] Bootstrapping Spring Data JPA repositories in DEFAULT mode.
2020-10-04 10:42:01,858 INFO org.springframework.data.repository.config.RepositoryConfigurationDelegate [restartedMain] Finished Spring Data repository scanning in 276ms. Found 20 JPA repository interfaces.
2020-10-04 10:42:02,279 INFO org.springframework.context.support.PostProcessorRegistrationDelegate$BeanPostProcessorChecker [restartedMain] Bean 'org.springframework.ws.config.annotation.DelegatingWsConfiguration' of type [org.springframework.ws.config.annotation.DelegatingWsConfiguration$$EnhancerBySpringCGLIB$$85c5cfad] is not eligible for getting processed by all BeanPostProcessors (for example: not eligible for auto-proxying)
2020-10-04 10:42:02,289 INFO org.springframework.ws.soap.addressing.server.AbstractAddressingEndpointMapping [restartedMain] Supporting [WS-Addressing August 2004, WS-Addressing 1.0]
2020-10-04 10:42:02,312 INFO org.springframework.context.support.PostProcessorRegistrationDelegate$BeanPostProcessorChecker [restartedMain] Bean 'org.springframework.transaction.annotation.ProxyTransactionManagementConfiguration' of type [org.springframework.transaction.annotation.ProxyTransactionManagementConfiguration] is not eligible for getting processed by all BeanPostProcessors (for example: not eligible for auto-proxying)
2020-10-04 10:42:02,423 WARN org.apache.juli.logging.DirectJDKLog [restartedMain] The MBean registry cannot be disabled because it has already been initialised
2020-10-04 10:42:02,485 INFO org.springframework.boot.web.embedded.tomcat.TomcatWebServer [restartedMain] Tomcat initialized with port(s): 8081 (http)
2020-10-04 10:42:02,487 INFO org.apache.juli.logging.DirectJDKLog [restartedMain] Initializing ProtocolHandler ["http-nio-8081"]
2020-10-04 10:42:02,487 INFO org.apache.juli.logging.DirectJDKLog [restartedMain] Starting service [Tomcat]
2020-10-04 10:42:02,488 INFO org.apache.juli.logging.DirectJDKLog [restartedMain] Starting Servlet engine: [Apache Tomcat/9.0.29]
2020-10-04 10:42:02,497 INFO org.apache.juli.logging.DirectJDKLog [restartedMain] Initializing Spring embedded WebApplicationContext
2020-10-04 10:42:02,498 INFO org.springframework.boot.web.servlet.context.ServletWebServerApplicationContext [restartedMain] Root WebApplicationContext: initialization completed in 1628 ms
2020-10-04 10:42:02,558 DEBUG org.springframework.web.filter.GenericFilterBean [restartedMain] Filter 'requestLoggingFilter' configured for use
2020-10-04 10:42:02,558 DEBUG org.springframework.web.filter.GenericFilterBean [restartedMain] Filter 'logFilter' configured for use
2020-10-04 10:42:02,647 INFO org.hibernate.jpa.internal.util.LogHelper [restartedMain] HHH000204: Processing PersistenceUnitInfo [name: default]
2020-10-04 10:42:02,660 INFO com.zaxxer.hikari.HikariDataSource [restartedMain] HikariPool-4 - Starting...
2020-10-04 10:42:02,660 WARN com.zaxxer.hikari.util.DriverDataSource [restartedMain] Registered driver with driverClassName=com.mysql.jdbc.Driver was not found, trying direct instantiation.
2020-10-04 10:42:02,671 INFO com.zaxxer.hikari.HikariDataSource [restartedMain] HikariPool-4 - Start completed.
2020-10-04 10:42:02,671 INFO org.hibernate.dialect.Dialect [restartedMain] HHH000400: Using dialect: org.hibernate.dialect.MySQL5InnoDBDialect
2020-10-04 10:42:02,675 INFO org.hibernate.envers.boot.internal.EnversServiceImpl [restartedMain] Envers integration enabled? : true
2020-10-04 10:42:02,698 WARN org.hibernate.cfg.AnnotationBinder [restartedMain] HHH000491: The [warehouse] association in the [com.ec.application.model.LostDamagedInventory] entity uses both @NotFound(action = NotFoundAction.IGNORE) and FetchType.LAZY. The NotFoundAction.IGNORE @ManyToOne and @OneToOne associations are always fetched eagerly.
2020-10-04 10:42:02,709 WARN org.hibernate.cfg.AnnotationBinder [restartedMain] HHH000491: The [category] association in the [com.ec.application.model.Product] entity uses both @NotFound(action = NotFoundAction.IGNORE) and FetchType.LAZY. The NotFoundAction.IGNORE @ManyToOne and @OneToOne associations are always fetched eagerly.
2020-10-04 10:42:02,720 WARN org.hibernate.cfg.AnnotationBinder [restartedMain] HHH000491: The [product] association in the [com.ec.application.model.Stock] entity uses both @NotFound(action = NotFoundAction.IGNORE) and FetchType.LAZY. The NotFoundAction.IGNORE @ManyToOne and @OneToOne associations are always fetched eagerly.
2020-10-04 10:42:02,721 WARN org.hibernate.cfg.AnnotationBinder [restartedMain] HHH000491: The [warehouse] association in the [com.ec.application.model.Stock] entity uses both @NotFound(action = NotFoundAction.IGNORE) and FetchType.LAZY. The NotFoundAction.IGNORE @ManyToOne and @OneToOne associations are always fetched eagerly.
2020-10-04 10:42:07,310 INFO org.hibernate.engine.transaction.jta.platform.internal.JtaPlatformInitiator [restartedMain] HHH000490: Using JtaPlatform implementation: [org.hibernate.engine.transaction.jta.platform.internal.NoJtaPlatform]
2020-10-04 10:42:07,312 INFO org.springframework.orm.jpa.AbstractEntityManagerFactoryBean [restartedMain] Initialized JPA EntityManagerFactory for persistence unit 'default'
2020-10-04 10:42:07,336 INFO org.springframework.boot.devtools.autoconfigure.OptionalLiveReloadServer [restartedMain] LiveReload server is running on port 35729
2020-10-04 10:42:08,414 WARN org.springframework.boot.autoconfigure.orm.jpa.JpaBaseConfiguration$JpaWebConfiguration [restartedMain] spring.jpa.open-in-view is enabled by default. Therefore, database queries may be performed during view rendering. Explicitly configure spring.jpa.open-in-view to disable this warning
2020-10-04 10:42:08,465 INFO org.springframework.scheduling.concurrent.ExecutorConfigurationSupport [restartedMain] Initializing ExecutorService 'applicationTaskExecutor'
2020-10-04 10:42:08,568 INFO org.springframework.scheduling.concurrent.ExecutorConfigurationSupport [restartedMain] Initializing ExecutorService 'taskScheduler'
2020-10-04 10:42:08,668 INFO org.apache.juli.logging.DirectJDKLog [restartedMain] Starting ProtocolHandler ["http-nio-8081"]
2020-10-04 10:42:08,673 INFO org.springframework.boot.web.embedded.tomcat.TomcatWebServer [restartedMain] Tomcat started on port(s): 8081 (http) with context path ''
2020-10-04 10:42:08,675 INFO org.springframework.boot.StartupInfoLogger [restartedMain] Started EcApplication in 27.874 seconds (JVM running for 148.12)
2020-10-04 10:42:08,679 INFO org.springframework.boot.devtools.autoconfigure.ConditionEvaluationDeltaLoggingListener [restartedMain] Condition evaluation unchanged
2020-10-04 12:01:45,663 WARN com.zaxxer.hikari.pool.HikariPool$HouseKeeper [HikariPool-4 housekeeper] HikariPool-4 - Thread starvation or clock leap detected (housekeeper delta=26m42s459ms).
2020-10-04 12:12:05,025 INFO org.apache.juli.logging.DirectJDKLog [http-nio-8081-exec-1] Initializing Spring DispatcherServlet 'dispatcherServlet'
2020-10-04 12:12:05,028 INFO org.springframework.web.servlet.FrameworkServlet [http-nio-8081-exec-1] Initializing Servlet 'dispatcherServlet'
2020-10-04 12:12:05,065 INFO org.springframework.web.servlet.FrameworkServlet [http-nio-8081-exec-1] Completed initialization in 36 ms
2020-10-04 12:12:05,122 DEBUG org.springframework.web.filter.CommonsRequestLoggingFilter [http-nio-8081-exec-1] Before request [GET /dashboard]
2020-10-04 12:12:05,122 DEBUG org.springframework.web.filter.CommonsRequestLoggingFilter [http-nio-8081-exec-1] Before request [GET /dashboard, client=127.0.0.1]
2020-10-04 12:12:06,673 DEBUG org.springframework.web.filter.CommonsRequestLoggingFilter [http-nio-8081-exec-1] After request [GET /dashboard, client=127.0.0.1]
2020-10-04 12:12:06,673 DEBUG org.springframework.web.filter.CommonsRequestLoggingFilter [http-nio-8081-exec-1] REQUEST DATA : GET /dashboard]
2020-10-04 13:00:49,271 WARN com.zaxxer.hikari.pool.HikariPool$HouseKeeper [HikariPool-4 housekeeper] HikariPool-4 - Thread starvation or clock leap detected (housekeeper delta=23m3s376ms).
2020-10-04 14:36:59,185 WARN com.zaxxer.hikari.pool.HikariPool$HouseKeeper [HikariPool-4 housekeeper] HikariPool-4 - Thread starvation or clock leap detected (housekeeper delta=1h16m9s751ms).
2020-10-04 15:13:22,090 DEBUG org.springframework.web.filter.CommonsRequestLoggingFilter [http-nio-8081-exec-3] Before request [GET /dashboard]
2020-10-04 15:13:22,105 DEBUG org.springframework.web.filter.CommonsRequestLoggingFilter [http-nio-8081-exec-3] Before request [GET /dashboard, client=127.0.0.1]
2020-10-04 15:13:22,942 DEBUG org.springframework.web.filter.CommonsRequestLoggingFilter [http-nio-8081-exec-3] After request [GET /dashboard, client=127.0.0.1]
2020-10-04 15:13:22,944 DEBUG org.springframework.web.filter.CommonsRequestLoggingFilter [http-nio-8081-exec-3] REQUEST DATA : GET /dashboard]
2020-10-04 15:14:20,436 DEBUG org.springframework.web.filter.CommonsRequestLoggingFilter [http-nio-8081-exec-4] Before request [GET /dashboard]
2020-10-04 15:14:20,437 DEBUG org.springframework.web.filter.CommonsRequestLoggingFilter [http-nio-8081-exec-4] Before request [GET /dashboard, client=127.0.0.1]
2020-10-04 15:14:20,735 DEBUG org.springframework.web.filter.CommonsRequestLoggingFilter [http-nio-8081-exec-4] After request [GET /dashboard, client=127.0.0.1]
2020-10-04 15:14:20,736 DEBUG org.springframework.web.filter.CommonsRequestLoggingFilter [http-nio-8081-exec-4] REQUEST DATA : GET /dashboard]
2020-10-04 16:16:09,204 WARN com.zaxxer.hikari.pool.HikariPool$HouseKeeper [HikariPool-4 housekeeper] HikariPool-4 - Thread starvation or clock leap detected (housekeeper delta=1m9s430ms).
2020-10-04 17:20:44,936 WARN com.zaxxer.hikari.pool.HikariPool$HouseKeeper [HikariPool-4 housekeeper] HikariPool-4 - Thread starvation or clock leap detected (housekeeper delta=29m5s497ms).
2020-10-04 18:10:03,151 INFO org.springframework.boot.admin.SpringApplicationAdminMXBeanRegistrar$SpringApplicationAdmin [RMI TCP Connection(184)-127.0.0.1] Application shutdown requested.
2020-10-04 18:10:03,357 INFO org.springframework.scheduling.concurrent.ExecutorConfigurationSupport [RMI TCP Connection(184)-127.0.0.1] Shutting down ExecutorService 'taskScheduler'
2020-10-04 18:10:03,380 INFO org.springframework.scheduling.concurrent.ExecutorConfigurationSupport [RMI TCP Connection(184)-127.0.0.1] Shutting down ExecutorService 'applicationTaskExecutor'
2020-10-04 18:10:03,406 INFO org.springframework.orm.jpa.AbstractEntityManagerFactoryBean [RMI TCP Connection(184)-127.0.0.1] Closing JPA EntityManagerFactory for persistence unit 'default'
2020-10-04 18:10:03,522 INFO com.zaxxer.hikari.HikariDataSource [RMI TCP Connection(184)-127.0.0.1] HikariPool-4 - Shutdown initiated...
2020-10-04 18:10:03,650 INFO com.zaxxer.hikari.HikariDataSource [RMI TCP Connection(184)-127.0.0.1] HikariPool-4 - Shutdown completed.
