2020-09-22 22:19:32,828 WARN org.springframework.boot.StartupInfoLogger [restartedMain] InetAddress.getLocalHost().getHostName() took 5002 milliseconds to respond. Please verify your network configuration (macOS machines may need to add entries to /etc/hosts).
2020-09-22 22:19:37,848 INFO org.springframework.boot.StartupInfoLogger [restartedMain] Starting EcApplication on Sridhars-MacBook-Air.local with PID 64276 (/Users/bsridharpatnaik/Documents/GitHub/Evergreen-City-Management-System/ec-inventory-service/target/classes started by bsridharpatnaik in /Users/bsridharpatnaik/Documents/GitHub/Evergreen-City-Management-System/ec-inventory-service)
2020-09-22 22:19:37,849 DEBUG org.springframework.boot.StartupInfoLogger [restartedMain] Running with Spring Boot v2.2.2.RELEASE, Spring v5.2.2.RELEASE
2020-09-22 22:19:37,849 INFO org.springframework.boot.SpringApplication [restartedMain] No active profile set, falling back to default profiles: default
2020-09-22 22:19:37,946 INFO org.springframework.boot.logging.DeferredLog [restartedMain] The Class-Path manifest attribute in /Users/bsridharpatnaik/.m2/repository/javax/mail/mail/1.4/mail-1.4.jar referenced one or more files that do not exist: file:/Users/bsridharpatnaik/.m2/repository/javax/mail/mail/1.4/activation.jar
2020-09-22 22:19:37,947 INFO org.springframework.boot.logging.DeferredLog [restartedMain] The Class-Path manifest attribute in /Users/bsridharpatnaik/.m2/repository/com/sun/xml/bind/jaxb-impl/2.3.2/jaxb-impl-2.3.2.jar referenced one or more files that do not exist: file:/Users/bsridharpatnaik/.m2/repository/com/sun/xml/bind/jaxb-impl/2.3.2/jaxb-runtime-2.3.2.jar,file:/Users/bsridharpatnaik/.m2/repository/com/sun/xml/bind/jaxb-impl/2.3.2/txw2-2.3.2.jar,file:/Users/bsridharpatnaik/.m2/repository/com/sun/xml/bind/jaxb-impl/2.3.2/istack-commons-runtime-3.0.8.jar,file:/Users/bsridharpatnaik/.m2/repository/com/sun/xml/bind/jaxb-impl/2.3.2/stax-ex-1.8.1.jar,file:/Users/bsridharpatnaik/.m2/repository/com/sun/xml/bind/jaxb-impl/2.3.2/FastInfoset-1.2.16.jar,file:/Users/bsridharpatnaik/.m2/repository/com/sun/xml/bind/jaxb-impl/2.3.2/jakarta.activation-api-1.2.1.jar
2020-09-22 22:19:37,947 INFO org.springframework.boot.logging.DeferredLog [restartedMain] The Class-Path manifest attribute in /Users/bsridharpatnaik/.m2/repository/org/glassfish/jaxb/jaxb-runtime/2.3.2/jaxb-runtime-2.3.2.jar referenced one or more files that do not exist: file:/Users/bsridharpatnaik/.m2/repository/org/glassfish/jaxb/jaxb-runtime/2.3.2/jakarta.xml.bind-api-2.3.2.jar,file:/Users/bsridharpatnaik/.m2/repository/org/glassfish/jaxb/jaxb-runtime/2.3.2/txw2-2.3.2.jar,file:/Users/bsridharpatnaik/.m2/repository/org/glassfish/jaxb/jaxb-runtime/2.3.2/istack-commons-runtime-3.0.8.jar,file:/Users/bsridharpatnaik/.m2/repository/org/glassfish/jaxb/jaxb-runtime/2.3.2/stax-ex-1.8.1.jar,file:/Users/bsridharpatnaik/.m2/repository/org/glassfish/jaxb/jaxb-runtime/2.3.2/FastInfoset-1.2.16.jar,file:/Users/bsridharpatnaik/.m2/repository/org/glassfish/jaxb/jaxb-runtime/2.3.2/jakarta.activation-api-1.2.1.jar
2020-09-22 22:19:37,948 INFO org.springframework.boot.logging.DeferredLog [restartedMain] Devtools property defaults active! Set 'spring.devtools.add-properties' to 'false' to disable
2020-09-22 22:19:37,948 INFO org.springframework.boot.logging.DeferredLog [restartedMain] For additional web related logging consider setting the 'logging.level.web' property to 'DEBUG'
2020-09-22 22:19:40,135 INFO org.springframework.data.repository.config.RepositoryConfigurationDelegate [restartedMain] Bootstrapping Spring Data JPA repositories in DEFAULT mode.
2020-09-22 22:19:40,472 INFO org.springframework.data.repository.config.RepositoryConfigurationDelegate [restartedMain] Finished Spring Data repository scanning in 310ms. Found 20 JPA repository interfaces.
2020-09-22 22:19:41,210 INFO org.springframework.context.support.PostProcessorRegistrationDelegate$BeanPostProcessorChecker [restartedMain] Bean 'org.springframework.ws.config.annotation.DelegatingWsConfiguration' of type [org.springframework.ws.config.annotation.DelegatingWsConfiguration$$EnhancerBySpringCGLIB$$358a3fa] is not eligible for getting processed by all BeanPostProcessors (for example: not eligible for auto-proxying)
2020-09-22 22:19:41,307 INFO org.springframework.ws.soap.addressing.server.AbstractAddressingEndpointMapping [restartedMain] Supporting [WS-Addressing August 2004, WS-Addressing 1.0]
2020-09-22 22:19:41,326 INFO org.springframework.context.support.PostProcessorRegistrationDelegate$BeanPostProcessorChecker [restartedMain] Bean 'org.springframework.transaction.annotation.ProxyTransactionManagementConfiguration' of type [org.springframework.transaction.annotation.ProxyTransactionManagementConfiguration] is not eligible for getting processed by all BeanPostProcessors (for example: not eligible for auto-proxying)
2020-09-22 22:19:41,897 INFO org.springframework.boot.web.embedded.tomcat.TomcatWebServer [restartedMain] Tomcat initialized with port(s): 8081 (http)
2020-09-22 22:19:41,924 INFO org.apache.juli.logging.DirectJDKLog [restartedMain] Initializing ProtocolHandler ["http-nio-8081"]
2020-09-22 22:19:41,926 INFO org.apache.juli.logging.DirectJDKLog [restartedMain] Starting service [Tomcat]
2020-09-22 22:19:41,927 INFO org.apache.juli.logging.DirectJDKLog [restartedMain] Starting Servlet engine: [Apache Tomcat/9.0.29]
2020-09-22 22:19:42,164 INFO org.apache.juli.logging.DirectJDKLog [restartedMain] Initializing Spring embedded WebApplicationContext
2020-09-22 22:19:42,164 INFO org.springframework.boot.web.servlet.context.ServletWebServerApplicationContext [restartedMain] Root WebApplicationContext: initialization completed in 4216 ms
2020-09-22 22:19:42,685 DEBUG org.springframework.web.filter.GenericFilterBean [restartedMain] Filter 'requestLoggingFilter' configured for use
2020-09-22 22:19:42,687 DEBUG org.springframework.web.filter.GenericFilterBean [restartedMain] Filter 'logFilter' configured for use
2020-09-22 22:19:42,983 INFO org.hibernate.jpa.internal.util.LogHelper [restartedMain] HHH000204: Processing PersistenceUnitInfo [name: default]
2020-09-22 22:19:43,280 INFO org.hibernate.Version [restartedMain] HHH000412: Hibernate Core {5.4.9.Final}
2020-09-22 22:19:43,890 INFO org.hibernate.annotations.common.reflection.java.JavaReflectionManager [restartedMain] HCANN000001: Hibernate Commons Annotations {5.1.0.Final}
2020-09-22 22:19:44,084 INFO com.zaxxer.hikari.HikariDataSource [restartedMain] HikariPool-1 - Starting...
2020-09-22 22:19:44,086 WARN com.zaxxer.hikari.util.DriverDataSource [restartedMain] Registered driver with driverClassName=com.mysql.jdbc.Driver was not found, trying direct instantiation.
2020-09-22 22:19:44,371 INFO com.zaxxer.hikari.HikariDataSource [restartedMain] HikariPool-1 - Start completed.
2020-09-22 22:19:44,402 INFO org.hibernate.dialect.Dialect [restartedMain] HHH000400: Using dialect: org.hibernate.dialect.MySQL5InnoDBDialect
2020-09-22 22:19:44,649 INFO org.hibernate.envers.boot.internal.EnversServiceImpl [restartedMain] Envers integration enabled? : true
2020-09-22 22:19:45,398 WARN org.hibernate.cfg.AnnotationBinder [restartedMain] HHH000491: The [warehouse] association in the [com.ec.application.model.LostDamagedInventory] entity uses both @NotFound(action = NotFoundAction.IGNORE) and FetchType.LAZY. The NotFoundAction.IGNORE @ManyToOne and @OneToOne associations are always fetched eagerly.
2020-09-22 22:19:45,424 WARN org.hibernate.cfg.AnnotationBinder [restartedMain] HHH000491: The [category] association in the [com.ec.application.model.Product] entity uses both @NotFound(action = NotFoundAction.IGNORE) and FetchType.LAZY. The NotFoundAction.IGNORE @ManyToOne and @OneToOne associations are always fetched eagerly.
2020-09-22 22:19:45,435 WARN org.hibernate.cfg.AnnotationBinder [restartedMain] HHH000491: The [product] association in the [com.ec.application.model.Stock] entity uses both @NotFound(action = NotFoundAction.IGNORE) and FetchType.LAZY. The NotFoundAction.IGNORE @ManyToOne and @OneToOne associations are always fetched eagerly.
2020-09-22 22:19:45,437 WARN org.hibernate.cfg.AnnotationBinder [restartedMain] HHH000491: The [warehouse] association in the [com.ec.application.model.Stock] entity uses both @NotFound(action = NotFoundAction.IGNORE) and FetchType.LAZY. The NotFoundAction.IGNORE @ManyToOne and @OneToOne associations are always fetched eagerly.
2020-09-22 22:19:52,268 INFO org.hibernate.engine.transaction.jta.platform.internal.JtaPlatformInitiator [restartedMain] HHH000490: Using JtaPlatform implementation: [org.hibernate.engine.transaction.jta.platform.internal.NoJtaPlatform]
2020-09-22 22:19:52,282 INFO org.springframework.orm.jpa.AbstractEntityManagerFactoryBean [restartedMain] Initialized JPA EntityManagerFactory for persistence unit 'default'
2020-09-22 22:19:52,365 INFO org.springframework.boot.devtools.autoconfigure.OptionalLiveReloadServer [restartedMain] LiveReload server is running on port 35729
2020-09-22 22:19:55,406 WARN org.springframework.boot.autoconfigure.orm.jpa.JpaBaseConfiguration$JpaWebConfiguration [restartedMain] spring.jpa.open-in-view is enabled by default. Therefore, database queries may be performed during view rendering. Explicitly configure spring.jpa.open-in-view to disable this warning
2020-09-22 22:19:55,642 INFO org.springframework.scheduling.concurrent.ExecutorConfigurationSupport [restartedMain] Initializing ExecutorService 'applicationTaskExecutor'
2020-09-22 22:19:56,142 INFO org.springframework.scheduling.concurrent.ExecutorConfigurationSupport [restartedMain] Initializing ExecutorService 'taskScheduler'
2020-09-22 22:19:56,547 INFO org.apache.juli.logging.DirectJDKLog [restartedMain] Starting ProtocolHandler ["http-nio-8081"]
2020-09-22 22:19:56,615 INFO org.springframework.boot.web.embedded.tomcat.TomcatWebServer [restartedMain] Tomcat started on port(s): 8081 (http) with context path ''
2020-09-22 22:19:56,620 INFO org.springframework.boot.StartupInfoLogger [restartedMain] Started EcApplication in 40.04 seconds (JVM running for 48.07)
2020-09-22 23:55:53,316 INFO org.springframework.boot.admin.SpringApplicationAdminMXBeanRegistrar$SpringApplicationAdmin [RMI TCP Connection(88)-127.0.0.1] Application shutdown requested.
2020-09-22 23:55:53,674 INFO org.springframework.boot.admin.SpringApplicationAdminMXBeanRegistrar$SpringApplicationAdmin [RMI TCP Connection(89)-127.0.0.1] Application shutdown requested.
2020-09-22 23:55:53,782 INFO org.springframework.boot.admin.SpringApplicationAdminMXBeanRegistrar$SpringApplicationAdmin [RMI TCP Connection(90)-127.0.0.1] Application shutdown requested.
2020-09-22 23:55:54,007 INFO org.springframework.scheduling.concurrent.ExecutorConfigurationSupport [RMI TCP Connection(88)-127.0.0.1] Shutting down ExecutorService 'taskScheduler'
2020-09-22 23:55:54,014 INFO org.springframework.scheduling.concurrent.ExecutorConfigurationSupport [RMI TCP Connection(88)-127.0.0.1] Shutting down ExecutorService 'applicationTaskExecutor'
2020-09-22 23:55:54,051 INFO org.springframework.orm.jpa.AbstractEntityManagerFactoryBean [RMI TCP Connection(88)-127.0.0.1] Closing JPA EntityManagerFactory for persistence unit 'default'
2020-09-22 23:55:54,319 INFO com.zaxxer.hikari.HikariDataSource [RMI TCP Connection(88)-127.0.0.1] HikariPool-1 - Shutdown initiated...
2020-09-22 23:55:54,347 INFO com.zaxxer.hikari.HikariDataSource [RMI TCP Connection(88)-127.0.0.1] HikariPool-1 - Shutdown completed.
